Component: ARM Compiler 5.06 update 7 (build 960) Tool: armlink [4d3601]

==============================================================================

Section Cross References

    system_stm32f10x.o(i.SetSysClock) refers to system_stm32f10x.o(i.SetSysClockTo72) for SetSysClockTo72
    system_stm32f10x.o(i.SystemCoreClockUpdate) refers to system_stm32f10x.o(.data) for SystemCoreClock
    system_stm32f10x.o(i.SystemInit) refers to system_stm32f10x.o(i.SetSysClock) for SetSysClock
    startup_stm32f10x_md.o(RESET) refers to startup_stm32f10x_md.o(STACK) for __initial_sp
    startup_stm32f10x_md.o(RESET) refers to startup_stm32f10x_md.o(.text) for Reset_Handler
    startup_stm32f10x_md.o(RESET) refers to stm32f10x_it.o(i.NMI_Handler) for NMI_Handler
    startup_stm32f10x_md.o(RESET) refers to stm32f10x_it.o(i.HardFault_Handler) for HardFault_Handler
    startup_stm32f10x_md.o(RESET) refers to stm32f10x_it.o(i.MemManage_Handler) for MemManage_Handler
    startup_stm32f10x_md.o(RESET) refers to stm32f10x_it.o(i.BusFault_Handler) for BusFault_Handler
    startup_stm32f10x_md.o(RESET) refers to stm32f10x_it.o(i.UsageFault_Handler) for UsageFault_Handler
    startup_stm32f10x_md.o(RESET) refers to stm32f10x_it.o(i.SVC_Handler) for SVC_Handler
    startup_stm32f10x_md.o(RESET) refers to stm32f10x_it.o(i.DebugMon_Handler) for DebugMon_Handler
    startup_stm32f10x_md.o(RESET) refers to stm32f10x_it.o(i.PendSV_Handler) for PendSV_Handler
    startup_stm32f10x_md.o(RESET) refers to delay.o(i.SysTick_Handler) for SysTick_Handler
    startup_stm32f10x_md.o(RESET) refers to stm32f10x_it.o(i.USB_LP_CAN1_RX0_IRQHandler) for USB_LP_CAN1_RX0_IRQHandler
    startup_stm32f10x_md.o(RESET) refers to scheduler.o(i.TIM1_UP_IRQHandler) for TIM1_UP_IRQHandler
    startup_stm32f10x_md.o(RESET) refers to usart.o(i.USART1_IRQHandler) for USART1_IRQHandler
    startup_stm32f10x_md.o(.text) refers to system_stm32f10x.o(i.SystemInit) for SystemInit
    startup_stm32f10x_md.o(.text) refers to entry.o(.ARM.Collect$$$$00000000) for __main
    stm32f10x_it.o(i.USB_LP_CAN1_RX0_IRQHandler) refers to usb_istr.o(i.USB_Istr) for USB_Istr
    main.o(i.main) refers to delay.o(i.cycleCounterInit) for cycleCounterInit
    main.o(i.main) refers to misc.o(i.NVIC_PriorityGroupConfig) for NVIC_PriorityGroupConfig
    main.o(i.main) refers to init.o(i.ALL_Init) for ALL_Init
    main.o(i.main) refers to ano_dt.o(i.ANTO_polling) for ANTO_polling
    main.o(i.main) refers to led.o(i.PilotLED) for PilotLED
    main.o(i.main) refers to system_stm32f10x.o(.data) for SystemCoreClock
    delay.o(i.GetSysTime_us) refers to init.o(.data) for SysTick_count
    delay.o(i.SysTick_Handler) refers to init.o(.data) for SysTick_count
    delay.o(i.cycleCounterInit) refers to system_stm32f10x.o(.data) for SystemCoreClock
    delay.o(i.delay_ms) refers to delay.o(i.GetSysTime_us) for GetSysTime_us
    scheduler.o(i.TIM1_UP_IRQHandler) refers to stm32f10x_tim.o(i.TIM_GetITStatus) for TIM_GetITStatus
    scheduler.o(i.TIM1_UP_IRQHandler) refers to flow.o(i.flow_data_sins) for flow_data_sins
    scheduler.o(i.TIM1_UP_IRQHandler) refers to control.o(i.FlowPidControl) for FlowPidControl
    scheduler.o(i.TIM1_UP_IRQHandler) refers to mpu6050.o(i.MpuGetData) for MpuGetData
    scheduler.o(i.TIM1_UP_IRQHandler) refers to remote.o(i.RC_Analy) for RC_Analy
    scheduler.o(i.TIM1_UP_IRQHandler) refers to control.o(i.FlightPidControl) for FlightPidControl
    scheduler.o(i.TIM1_UP_IRQHandler) refers to control.o(i.MotorControl) for MotorControl
    scheduler.o(i.TIM1_UP_IRQHandler) refers to imu.o(i.GetAngle) for GetAngle
    scheduler.o(i.TIM1_UP_IRQHandler) refers to control.o(i.HeightPidControl) for HeightPidControl
    scheduler.o(i.TIM1_UP_IRQHandler) refers to flow.o(i.flow_get_data) for flow_get_data
    scheduler.o(i.TIM1_UP_IRQHandler) refers to stm32f10x_tim.o(i.TIM_ClearITPendingBit) for TIM_ClearITPendingBit
    scheduler.o(i.TIM1_UP_IRQHandler) refers to init.o(.data) for SysTick_count
    scheduler.o(i.TIM1_UP_IRQHandler) refers to scheduler.o(.data) for cnt_3ms
    scheduler.o(i.TIM1_UP_IRQHandler) refers to init.o(.bss) for Angle
    init.o(i.ALL_Init) refers to delay.o(i.delay_ms) for delay_ms
    init.o(i.ALL_Init) refers to usb_hid.o(i.USB_HID_Init) for USB_HID_Init
    init.o(i.ALL_Init) refers to iic_software.o(i.IIC_Init) for IIC_Init
    init.o(i.ALL_Init) refers to init.o(i.pid_param_Init) for pid_param_Init
    init.o(i.ALL_Init) refers to mpu6050.o(i.MpuInit) for MpuInit
    init.o(i.ALL_Init) refers to usart.o(i.USART1_Config) for USART1_Config
    init.o(i.ALL_Init) refers to nrf24l01.o(i.NRF24L01_init) for NRF24L01_init
    init.o(i.ALL_Init) refers to tim.o(i.TIM2_PWM_Config) for TIM2_PWM_Config
    init.o(i.ALL_Init) refers to tim.o(i.TIM3_PWM_Config) for TIM3_PWM_Config
    init.o(i.ALL_Init) refers to tim.o(i.TIM1_Config) for TIM1_Config
    init.o(i.pid_param_Init) refers to init.o(.bss) for pidRateX
[...]
    i.TIM_GetITStatus                        0x080052f6   Section        0  stm32f10x_tim.o(i.TIM_GetITStatus)
    i.TIM_ITConfig                           0x08005318   Section        0  stm32f10x_tim.o(i.TIM_ITConfig)
    i.TIM_OC1Init                            0x0800532c   Section        0  stm32f10x_tim.o(i.TIM_OC1Init)
    i.TIM_OC1PreloadConfig                   0x080053c4   Section        0  stm32f10x_tim.o(i.TIM_OC1PreloadConfig)
    i.TIM_OC2Init                            0x080053d8   Section        0  stm32f10x_tim.o(i.TIM_OC2Init)
    i.TIM_OC2PreloadConfig                   0x0800547c   Section        0  stm32f10x_tim.o(i.TIM_OC2PreloadConfig)
    i.TIM_OC3Init                            0x08005498   Section        0  stm32f10x_tim.o(i.TIM_OC3Init)
    i.TIM_OC3PreloadConfig                   0x08005538   Section        0  stm32f10x_tim.o(i.TIM_OC3PreloadConfig)
    i.TIM_OC4Init                            0x0800554c   Section        0  stm32f10x_tim.o(i.TIM_OC4Init)
    i.TIM_OC4PreloadConfig                   0x080055c8   Section        0  stm32f10x_tim.o(i.TIM_OC4PreloadConfig)
    i.TIM_TimeBaseInit                       0x080055e4   Section        0  stm32f10x_tim.o(i.TIM_TimeBaseInit)
    i.USART1_Config                          0x08005688   Section        0  usart.o(i.USART1_Config)
    i.USART1_IRQHandler                      0x0800572c   Section        0  usart.o(i.USART1_IRQHandler)
    i.USART_ClearITPendingBit                0x080057ec   Section        0  stm32f10x_usart.o(i.USART_ClearITPendingBit)
    i.USART_Cmd                              0x0800580a   Section        0  stm32f10x_usart.o(i.USART_Cmd)
    i.USART_GetFlagStatus                    0x08005822   Section        0  stm32f10x_usart.o(i.USART_GetFlagStatus)
    i.USART_GetITStatus                      0x0800583c   Section        0  stm32f10x_usart.o(i.USART_GetITStatus)
    i.USART_ITConfig                         0x08005890   Section        0  stm32f10x_usart.o(i.USART_ITConfig)
    i.USART_Init                             0x080058dc   Section        0  stm32f10x_usart.o(i.USART_Init)
    i.USART_ReceiveData                      0x080059b4   Section        0  stm32f10x_usart.o(i.USART_ReceiveData)
    i.USART_SendData                         0x080059be   Section        0  stm32f10x_usart.o(i.USART_SendData)
    i.USB_Cable_Config                       0x080059c6   Section        0  usb_config.o(i.USB_Cable_Config)
    i.USB_HID_Init                           0x080059c8   Section        0  usb_hid.o(i.USB_HID_Init)
    i.USB_Init                               0x080059e8   Section        0  usb_init.o(i.USB_Init)
    i.USB_Interrupts_Config                  0x08005a24   Section        0  usb_config.o(i.USB_Interrupts_Config)
    i.USB_Istr                               0x08005a48   Section        0  usb_istr.o(i.USB_Istr)
    i.USB_LP_CAN1_RX0_IRQHandler             0x08005b40   Section        0  stm32f10x_it.o(i.USB_LP_CAN1_RX0_IRQHandler)
    i.UsageFault_Handler                     0x08005b48   Section        0  stm32f10x_it.o(i.UsageFault_Handler)
    i.Usb_Hid_Adddata                        0x08005b4c   Section        0  usb_hid.o(i.Usb_Hid_Adddata)
    i.Usb_Hid_Send                           0x08005b78   Section        0  usb_hid.o(i.Usb_Hid_Send)
    i.UserToPMABufferCopy                    0x08005d48   Section        0  usb_mem.o(i.UserToPMABufferCopy)
    i.__0printf$bare                         0x08005d80   Section        0  printfb.o(i.__0printf$bare)
    i.__ARM_fpclassify                       0x08005d90   Section        0  fpclassify.o(i.__ARM_fpclassify)
    i.__ARM_fpclassifyf                      0x08005db8   Section        0  fpclassifyf.o(i.__ARM_fpclassifyf)
    i.__kernel_poly                          0x08005dde   Section        0  poly.o(i.__kernel_poly)
    i.__mathlib_dbl_infnan                   0x08005e88   Section        0  dunder.o(i.__mathlib_dbl_infnan)
    i.__mathlib_dbl_invalid                  0x08005e8e   Section        0  dunder.o(i.__mathlib_dbl_invalid)
    i.__mathlib_dbl_underflow                0x08005e9c   Section        0  dunder.o(i.__mathlib_dbl_underflow)
    i.__mathlib_flt_infnan                   0x08005eac   Section        0  funder.o(i.__mathlib_flt_infnan)
    i.__mathlib_flt_infnan2                  0x08005eb2   Section        0  funder.o(i.__mathlib_flt_infnan2)
    i.__mathlib_flt_invalid                  0x08005eb6   Section        0  funder.o(i.__mathlib_flt_invalid)
    i.__mathlib_flt_underflow                0x08005ebe   Section        0  funder.o(i.__mathlib_flt_underflow)
    i.__mathlib_rredf2                       0x08005ec8   Section        0  rredf.o(i.__mathlib_rredf2)
    i.__scatterload_copy                     0x08006030   Section       14  handlers.o(i.__scatterload_copy)
    i.__scatterload_null                     0x0800603e   Section        2  handlers.o(i.__scatterload_null)
    i.__scatterload_zeroinit                 0x08006040   Section       14  handlers.o(i.__scatterload_zeroinit)
    i.__set_errno                            0x08006050   Section        0  errno.o(i.__set_errno)
    i._printf_core                           0x0800605c   Section        0  printfb.o(i._printf_core)
    _printf_core                             0x0800605d   Thumb Code    34  printfb.o(i._printf_core)
    i.asin                                   0x08006080   Section        0  asin.o(i.asin)
    i.atan2f                                 0x080062f0   Section        0  atan2f.o(i.atan2f)
    i.cycleCounterInit                       0x08006594   Section        0  delay.o(i.cycleCounterInit)
    i.delay_ms                               0x080065f4   Section        0  delay.o(i.delay_ms)
    i.flow_data_sins                         0x08006618   Section        0  flow.o(i.flow_data_sins)
    i.flow_get_data                          0x080068fc   Section        0  flow.o(i.flow_get_data)
    i.fputc                                  0x080069b0   Section        0  usart.o(i.fputc)
    i.kalman_1                               0x080069d4   Section        0  kalman.o(i.kalman_1)
    i.main                                   0x08006a2c   Section        0  main.o(i.main)
    i.parseData                              0x08006aa4   Section        0  usart.o(i.parseData)
    i.pidRest                                0x08006b54   Section        0  pid.o(i.pidRest)
    i.pidUpdate                              0x08006b86   Section        0  pid.o(i.pidUpdate)
    i.pid_param_Init                         0x08006bf8   Section        0  init.o(i.pid_param_Init)
    i.remote_unlock                          0x08006cd0   Section        0  remote.o(i.remote_unlock)
    i.sqrt                                   0x08006ed0   Section        0  sqrt.o(i.sqrt)
    i.tanf                                   0x08006f1c   Section        0  tanf.o(i.tanf)
    .constdata                               0x08007090   Section       10  nrf24l01.o(.constdata)
    .constdata                               0x0800709c   Section       24  mymath.o(.constdata)
    .constdata                               0x080070b4   Section      134  usb_desc.o(.constdata)
    .constdata                               0x08007140   Section       80  asin.o(.constdata)
    pS                                       0x08007140   Data          48  asin.o(.constdata)
    qS                                       0x08007170   Data          32  asin.o(.constdata)
    .constdata                               0x08007190   Section       32  rredf.o(.constdata)
    twooverpi                                0x08007190   Data          32  rredf.o(.constdata)
    .data                                    0x20000000   Section       20  system_stm32f10x.o(.data)
    .data                                    0x20000014   Section        5  scheduler.o(.data)
    cnt_3ms                                  0x20000016   Data           1  scheduler.o(.data)
    cnt_6ms                                  0x20000017   Data           1  scheduler.o(.data)
    cnt_24ms                                 0x20000018   Data           1  scheduler.o(.data)
    .data                                    0x2000001c   Section       14  init.o(.data)
    .data                                    0x2000002a   Section       20  stm32f10x_rcc.o(.data)
    APBAHBPrescTable                         0x2000002a   Data          16  stm32f10x_rcc.o(.data)
    ADCPrescTable                            0x2000003a   Data           4  stm32f10x_rcc.o(.data)
    .data                                    0x2000003e   Section       23  usart.o(.data)
    .data                                    0x20000055   Section        5  usb_hid.o(.data)
    notfull_timeout                          0x20000059   Data           1  usb_hid.o(.data)
    .data                                    0x2000005c   Section       14  flash.o(.data)
    .data                                    0x2000006c   Section        8  led.o(.data)
    LastTime                                 0x20000070   Data           4  led.o(.data)
    .data                                    0x20000074   Section       76  mpu6050.o(.data)
    pMpu                                     0x20000074   Data           4  mpu6050.o(.data)
    ekf                                      0x20000078   Data          72  mpu6050.o(.data)
    .data                                    0x200000c0   Section       71  flow.o(.data)
    .data                                    0x20000108   Section        4  ano_dt.o(.data)
    ANTO_Recived_flag                        0x2000010a   Data           1  ano_dt.o(.data)
    status                                   0x2000010b   Data           1  ano_dt.o(.data)
    .data                                    0x2000010c   Section       19  remote.o(.data)
    cnt                                      0x20000118   Data           2  remote.o(.data)
    status                                   0x2000011a   Data           1  remote.o(.data)
    cnt                                      0x2000011c   Data           2  remote.o(.data)
    cnt                                      0x2000011e   Data           1  remote.o(.data)
    .data                                    0x20000120   Section       84  control.o(.data)
    high_error_count                         0x20000168   Data           1  control.o(.data)
    status                                   0x2000016c   Data           1  control.o(.data)
    acc_offset                               0x2000016e   Data           2  control.o(.data)
    status                                   0x20000170   Data           1  control.o(.data)
    set_pos                                  0x20000171   Data           1  control.o(.data)
    status                                   0x20000172   Data           1  control.o(.data)
    status                                   0x20000173   Data           1  control.o(.data)
    .data                                    0x20000174   Section       52  imu.o(.data)
    NormAccz                                 0x20000174   Data           4  imu.o(.data)
    KpDef                                    0x20000178   Data           4  imu.o(.data)
    KiDef                                    0x2000017c   Data           4  imu.o(.data)
    NumQ                                     0x20000180   Data          16  imu.o(.data)
    ekf                                      0x20000190   Data          24  imu.o(.data)
    .data                                    0x200001a8   Section        3  usb_core.o(.data)
    .data                                    0x200001ac   Section       20  usb_init.o(.data)
    .data                                    0x200001c0   Section        4  usb_int.o(.data)
    .data                                    0x200001c4   Section       26  usb_desc.o(.data)
    .data                                    0x200001e0   Section       60  usb_istr.o(.data)
    .data                                    0x2000021c   Section      156  usb_prop.o(.data)
    .data                                    0x200002b8   Section        7  usb_pwr.o(.data)
    .data                                    0x200002c0   Section        4  stdout.o(.data)
    .data                                    0x200002c4   Section        4  errno.o(.data)
    _errno                                   0x200002c4   Data           4  errno.o(.data)
    .bss                                     0x200002c8   Section      672  init.o(.bss)
    .bss                                     0x20000568   Section       24  usart.o(.bss)
    .bss                                     0x20000580   Section      320  usb_hid.o(.bss)
    .bss                                     0x200006c0   Section       24  mpu6050.o(.bss)
    tBuff                                    0x200006cc   Data          12  mpu6050.o(.bss)
    .bss                                     0x200006d8   Section       16  flow.o(.bss)
    .bss                                     0x200006e8   Section       54  ano_dt.o(.bss)
    RatePID                                  0x200006e8   Data          18  ano_dt.o(.bss)
    AnglePID                                 0x200006fa   Data          18  ano_dt.o(.bss)
    HighPID                                  0x2000070c   Data          18  ano_dt.o(.bss)
    .bss                                     0x2000071e   Section       32  remote.o(.bss)
    .bss                                     0x20000740   Section       12  imu.o(.bss)
    GyroIntegError                           0x20000740   Data          12  imu.o(.bss)
    .bss                                     0x2000074c   Section       28  usb_init.o(.bss)
    .bss                                     0x20000768   Section       64  usb_endp.o(.bss)
    STACK                                    0x200007a8   Section     1024  startup_stm32f10x_md.o(STACK)

    Global Symbols

    Symbol Name                              Value     Ov Type        Size  Object(Section)

    BuildAttributes$$THM_ISAv4$P$D$K$B$S$PE$A:L22UL41UL21$X:L11$S22US41US21$IEEE1$IW$USESV6$~STKCKD$USESV7$~SHL$OTIME$ROPI$IEEEX$EBA8$MICROLIB$REQ8$PRES8$EABIv2 0x00000000   Number         0  anon$$obj.o ABSOLUTE
    __ARM_use_no_argv                        0x00000000   Number         0  main.o ABSOLUTE
    __arm_fini_                               - Undefined Weak Reference
    __cpp_initialize__aeabi_                  - Undefined Weak Reference
    __cxa_finalize                            - Undefined Weak Reference
    _clock_init                               - Undefined Weak Reference
    _microlib_exit                            - Undefined Weak Reference
    __Vectors_Size                           0x000000ec   Number         0  startup_stm32f10x_md.o ABSOLUTE
    __Vectors                                0x08000000   Data           4  startup_stm32f10x_md.o(RESET)
    __Vectors_End                            0x080000ec   Data           0  startup_stm32f10x_md.o(RESET)
    __main                                   0x080000ed   Thumb Code     0  entry.o(.ARM.Collect$$$$00000000)
    _main_stk                                0x080000ed   Thumb Code     0  entry2.o(.ARM.Collect$$$$00000001)
    _main_scatterload                        0x080000f1   Thumb Code     0  entry5.o(.ARM.Collect$$$$00000004)
    __main_after_scatterload                 0x080000f5   Thumb Code     0  entry5.o(.ARM.Collect$$$$00000004)
    _main_clock                              0x080000f5   Thumb Code     0  entry7b.o(.ARM.Collect$$$$00000008)
    _main_cpp_init                           0x080000f5   Thumb Code     0  entry8b.o(.ARM.Collect$$$$0000000A)
    _main_init                               0x080000f5   Thumb Code     0  entry9a.o(.ARM.Collect$$$$0000000B)
    __rt_lib_shutdown_fini                   0x080000fd   Thumb Code     0  entry12b.o(.ARM.Collect$$$$0000000E)
    __rt_final_cpp                           0x08000101   Thumb Code     0  entry10a.o(.ARM.Collect$$$$0000000F)
    __rt_final_exit                          0x08000101   Thumb Code     0  entry11a.o(.ARM.Collect$$$$00000011)
    Reset_Handler                            0x08000105   Thumb Code     8  startup_stm32f10x_md.o(.text)
    ADC1_2_IRQHandler                        0x0800011f   Thumb Code     0  startup_stm32f10x_md.o(.text)
    CAN1_RX1_IRQHandler                      0x0800011f   Thumb Code     0  startup_stm32f10x_md.o(.text)
    CAN1_SCE_IRQHandler                      0x0800011f   Thumb Code     0  startup_stm32f10x_md.o(.text)
    DMA1_Channel1_IRQHandler                 0x0800011f   Thumb Code     0  startup_stm32f10x_md.o(.text)
    DMA1_Channel2_IRQHandler                 0x0800011f   Thumb Code     0  startup_stm32f10x_md.o(.text)
    DMA1_Channel3_IRQHandler                 0x0800011f   Thumb Code     0  startup_stm32f10x_md.o(.text)
    DMA1_Channel4_IRQHandler                 0x0800011f   Thumb Code     0  startup_stm32f10x_md.o(.text)
    DMA1_Channel5_IRQHandler                 0x0800011f   Thumb Code     0  startup_stm32f10x_md.o(.text)
    DMA1_Channel6_IRQHandler                 0x0800011f   Thumb Code     0  startup_stm32f10x_md.o(.text)
    DMA1_Channel7_IRQHandler                 0x0800011f   Thumb Code     0  startup_stm32f10x_md.o(.text)
    EXTI0_IRQHandler                         0x0800011f   Thumb Code     0  startup_stm32f10x_md.o(.text)
    EXTI15_10_IRQHandler                     0x0800011f   Thumb Code     0  startup_stm32f10x_md.o(.text)
    EXTI1_IRQHandler                         0x0800011f   Thumb Code     0  startup_stm32f10x_md.o(.text)
    EXTI2_IRQHandler                         0x0800011f   Thumb Code     0  startup_stm32f10x_md.o(.text)
    EXTI3_IRQHandler                         0x0800011f   Thumb Code     0  startup_stm32f10x_md.o(.text)
    EXTI4_IRQHandler                         0x0800011f   Thumb Code     0  startup_stm32f10x_md.o(.text)
    EXTI9_5_IRQHandler                       0x0800011f   Thumb Code     0  startup_stm32f10x_md.o(.text)
    FLASH_IRQHandler                         0x0800011f   Thumb Code     0  startup_stm32f10x_md.o(.text)
    I2C1_ER_IRQHandler                       0x0800011f   Thumb Code     0  startup_stm32f10x_md.o(.text)
    I2C1_EV_IRQHandler                       0x0800011f   Thumb Code     0  startup_stm32f10x_md.o(.text)
    I2C2_ER_IRQHandler                       0x0800011f   Thumb Code     0  startup_stm32f10x_md.o(.text)
    I2C2_EV_IRQHandler                       0x0800011f   Thumb Code     0  startup_stm32f10x_md.o(.text)
    PVD_IRQHandler                           0x0800011f   Thumb Code     0  startup_stm32f10x_md.o(.text)
    RCC_IRQHandler                           0x0800011f   Thumb Code     0  startup_stm32f10x_md.o(.text)
    RTCAlarm_IRQHandler                      0x0800011f   Thumb Code     0  startup_stm32f10x_md.o(.text)
    RTC_IRQHandler                           0x0800011f   Thumb Code     0  startup_stm32f10x_md.o(.text)
    SPI1_IRQHandler                          0x0800011f   Thumb Code     0  startup_stm32f10x_md.o(.text)
    SPI2_IRQHandler                          0x0800011f   Thumb Code     0  startup_stm32f10x_md.o(.text)
    TAMPER_IRQHandler                        0x0800011f   Thumb Code     0  startup_stm32f10x_md.o(.text)
    TIM1_BRK_IRQHandler                      0x0800011f   Thumb Code     0  startup_stm32f10x_md.o(.text)
    TIM1_CC_IRQHandler                       0x0800011f   Thumb Code     0  startup_stm32f10x_md.o(.text)
    TIM1_TRG_COM_IRQHandler                  0x0800011f   Thumb Code     0  startup_stm32f10x_md.o(.text)
    TIM2_IRQHandler                          0x0800011f   Thumb Code     0  startup_stm32f10x_md.o(.text)
    TIM3_IRQHandler                          0x0800011f   Thumb Code     0  startup_stm32f10x_md.o(.text)
    TIM4_IRQHandler                          0x0800011f   Thumb Code     0  startup_stm32f10x_md.o(.text)
    USART2_IRQHandler                        0x0800011f   Thumb Code     0  startup_stm32f10x_md.o(.text)
    USART3_IRQHandler                        0x0800011f   Thumb Code     0  startup_stm32f10x_md.o(.text)
    USBWakeUp_IRQHandler                     0x0800011f   Thumb Code     0  startup_stm32f10x_md.o(.text)
    USB_HP_CAN1_TX_IRQHandler                0x0800011f   Thumb Code     0  startup_stm32f10x_md.o(.text)
    WWDG_IRQHandler                          0x0800011f   Thumb Code     0  startup_stm32f10x_md.o(.text)
    __aeabi_memset                           0x08000129   Thumb Code    14  memseta.o(.text)
    __aeabi_memset4                          0x08000129   Thumb Code     0  memseta.o(.text)
    __aeabi_memset8                          0x08000129   Thumb Code     0  memseta.o(.text)
    __aeabi_memclr                           0x08000137   Thumb Code     4  memseta.o(.text)
    __aeabi_memclr4                          0x08000137   Thumb Code     0  memseta.o(.text)
    __aeabi_memclr8                          0x08000137   Thumb Code     0  memseta.o(.text)
    _memset$wrapper                          0x0800013b   Thumb Code    18  memseta.o(.text)
    __aeabi_fadd                             0x0800014d   Thumb Code   164  fadd.o(.text)
    __aeabi_fsub                             0x080001f1   Thumb Code     6  fadd.o(.text)
    __aeabi_frsub                            0x080001f7   Thumb Code     6  fadd.o(.text)
    __aeabi_fmul                             0x080001fd   Thumb Code   100  fmul.o(.text)
    __aeabi_fdiv                             0x08000261   Thumb Code   124  fdiv.o(.text)
    __aeabi_dadd                             0x080002dd   Thumb Code   322  dadd.o(.text)
    __aeabi_dsub                             0x0800041f   Thumb Code     6  dadd.o(.text)
    __aeabi_drsub                            0x08000425   Thumb Code     6  dadd.o(.text)
    __aeabi_dmul                             0x0800042b   Thumb Code   228  dmul.o(.text)
    __aeabi_i2f                              0x0800050f   Thumb Code    18  fflti.o(.text)
    __aeabi_ui2f                             0x08000521   Thumb Code    10  ffltui.o(.text)
    __aeabi_i2d                              0x0800052b   Thumb Code    34  dflti.o(.text)
    __aeabi_f2iz                             0x0800054d   Thumb Code    50  ffixi.o(.text)
    __aeabi_f2d                              0x0800057f   Thumb Code    38  f2d.o(.text)
    __aeabi_d2f                              0x080005a5   Thumb Code    56  d2f.o(.text)
    __aeabi_cfcmpeq                          0x080005dd   Thumb Code     0  cfcmple.o(.text)
    __aeabi_cfcmple                          0x080005dd   Thumb Code    20  cfcmple.o(.text)
    __aeabi_cfrcmple                         0x080005f1   Thumb Code    20  cfrcmple.o(.text)
    __aeabi_llsl                             0x08000605   Thumb Code    30  llshl.o(.text)
    _ll_shift_l                              0x08000605   Thumb Code     0  llshl.o(.text)
    __aeabi_lasr                             0x08000623   Thumb Code    36  llsshr.o(.text)
    _ll_sshift_r                             0x08000623   Thumb Code     0  llsshr.o(.text)
    __I$use$fp                               0x08000647   Thumb Code     0  iusefp.o(.text)
    _float_round                             0x08000647   Thumb Code    18  fepilogue.o(.text)
    _float_epilogue                          0x08000659   Thumb Code    92  fepilogue.o(.text)
    __ARM_scalbnf                            0x080006b5   Thumb Code    24  fscalb.o(.text)
    scalbnf                                  0x080006b5   Thumb Code     0  fscalb.o(.text)
    _frnd                                    0x080006cd   Thumb Code    60  frnd.o(.text)
    _double_round                            0x08000709   Thumb Code    30  depilogue.o(.text)
    _double_epilogue                         0x08000727   Thumb Code   156  depilogue.o(.text)
    __aeabi_ddiv                             0x080007c3   Thumb Code   222  ddiv.o(.text)
    __ARM_scalbn                             0x080008a1   Thumb Code    46  dscalb.o(.text)
    scalbn                                   0x080008a1   Thumb Code     0  dscalb.o(.text)
    __scatterload                            0x080008d1   Thumb Code    28  init.o(.text)
    __scatterload_rt2                        0x080008d1   Thumb Code     0  init.o(.text)
    __aeabi_llsr                             0x080008f5   Thumb Code    32  llushr.o(.text)
    _ll_ushift_r                             0x080008f5   Thumb Code     0  llushr.o(.text)
    _dsqrt                                   0x08000915   Thumb Code   162  dsqrt.o(.text)
    __decompress                             0x080009b7   Thumb Code     0  __dczerorl2.o(.text)
    __decompress1                            0x080009b7   Thumb Code    86  __dczerorl2.o(.text)
    ALL_Init                                 0x08000a0d   Thumb Code    48  init.o(i.ALL_Init)
    ANTO_Send                                0x08000a3d   Thumb Code   754  ano_dt.o(i.ANTO_Send)
    ANTO_polling                             0x08000d6d   Thumb Code   540  ano_dt.o(i.ANTO_polling)
    BusFault_Handler                         0x08000fb5   Thumb Code     4  stm32f10x_it.o(i.BusFault_Handler)
    ByteSwap                                 0x08000fb9   Thumb Code    12  usb_regs.o(i.ByteSwap)
    CTR_LP                                   0x08000fc5   Thumb Code   774  usb_int.o(i.CTR_LP)
    ClearDTOG_RX                             0x080012ed   Thumb Code    46  usb_regs.o(i.ClearDTOG_RX)
    ClearDTOG_TX                             0x08001321   Thumb Code    46  usb_regs.o(i.ClearDTOG_TX)
    Clear_Status_Out                         0x08001355   Thumb Code    28  usb_regs.o(i.Clear_Status_Out)
    CustomHID_Data_Setup                     0x08001375   Thumb Code   108  usb_prop.o(i.CustomHID_Data_Setup)
    CustomHID_GetConfigDescriptor            0x080013f1   Thumb Code    14  usb_prop.o(i.CustomHID_GetConfigDescriptor)
    CustomHID_GetDeviceDescriptor            0x08001405   Thumb Code    14  usb_prop.o(i.CustomHID_GetDeviceDescriptor)
    CustomHID_GetHIDDescriptor               0x08001419   Thumb Code    14  usb_prop.o(i.CustomHID_GetHIDDescriptor)
    CustomHID_GetProtocolValue               0x0800142d   Thumb Code    20  usb_prop.o(i.CustomHID_GetProtocolValue)
    CustomHID_GetReportDescriptor            0x08001449   Thumb Code    14  usb_prop.o(i.CustomHID_GetReportDescriptor)
    CustomHID_GetStringDescriptor            0x0800145d   Thumb Code    32  usb_prop.o(i.CustomHID_GetStringDescriptor)
    CustomHID_Get_Interface_Setting          0x08001485   Thumb Code    22  usb_prop.o(i.CustomHID_Get_Interface_Setting)
    CustomHID_NoData_Setup                   0x0800149d   Thumb Code    32  usb_prop.o(i.CustomHID_NoData_Setup)
    CustomHID_Reset                          0x080014c1   Thumb Code   176  usb_prop.o(i.CustomHID_Reset)
    CustomHID_SetConfiguration               0x08001581   Thumb Code    16  usb_prop.o(i.CustomHID_SetConfiguration)
    CustomHID_SetDeviceAddress               0x08001599   Thumb Code     8  usb_prop.o(i.CustomHID_SetDeviceAddress)
    CustomHID_SetProtocol                    0x080015a5   Thumb Code    14  usb_prop.o(i.CustomHID_SetProtocol)
    CustomHID_Status_In                      0x080015bd   Thumb Code     2  usb_prop.o(i.CustomHID_Status_In)
    CustomHID_Status_Out                     0x080015bf   Thumb Code     2  usb_prop.o(i.CustomHID_Status_Out)
    CustomHID_init                           0x080015c1   Thumb Code    50  usb_prop.o(i.CustomHID_init)
    DebugMon_Handler                         0x08001a19   Thumb Code     2  stm32f10x_it.o(i.DebugMon_Handler)
    EP1_OUT_Callback                         0x08001a1d   Thumb Code    28  usb_endp.o(i.EP1_OUT_Callback)
    EP2_IN_Callback                          0x08001a41   Thumb Code    20  usb_endp.o(i.EP2_IN_Callback)
    Enter_LowPowerMode                       0x08001a59   Thumb Code     8  usb_config.o(i.Enter_LowPowerMode)
    FLASH_read                               0x08001a65   Thumb Code    40  flash.o(i.FLASH_read)
    FlightPidControl                         0x08001a95   Thumb Code   366  control.o(i.FlightPidControl)
    FlowPidControl                           0x08001c41   Thumb Code   844  control.o(i.FlowPidControl)
    GPIO_Init                                0x08001ff5   Thumb Code   278  stm32f10x_gpio.o(i.GPIO_Init)
    GPIO_SetBits                             0x0800210b   Thumb Code     4  stm32f10x_gpio.o(i.GPIO_SetBits)
    GetAngle                                 0x08002111   Thumb Code  1882  imu.o(i.GetAngle)
    GetEPRxAddr                              0x08002885   Thumb Code    24  usb_regs.o(i.GetEPRxAddr)
    GetEPTxAddr                              0x080028a5   Thumb Code    22  usb_regs.o(i.GetEPTxAddr)
    GetNormAccz                              0x080028c5   Thumb Code    26  imu.o(i.GetNormAccz)
    GetSysTime_us                            0x080028e9   Thumb Code    34  delay.o(i.GetSysTime_us)
    Get_SerialNum                            0x08002915   Thumb Code    62  usb_config.o(i.Get_SerialNum)
    HardFault_Handler                        0x0800295d   Thumb Code     4  stm32f10x_it.o(i.HardFault_Handler)
    HeightPidControl                         0x08002961   Thumb Code   672  control.o(i.HeightPidControl)
    IIC_Init                                 0x08003159   Thumb Code    38  iic_software.o(i.IIC_Init)
    IIC_Read_One_Byte                        0x08003185   Thumb Code   100  iic_software.o(i.IIC_Read_One_Byte)
    IIC_Write_One_Byte                       0x080031e9   Thumb Code    68  iic_software.o(i.IIC_Write_One_Byte)
    IIC_read_Bytes                           0x0800322d   Thumb Code   140  iic_software.o(i.IIC_read_Bytes)
    In0_Process                              0x080032b9   Thumb Code    98  usb_core.o(i.In0_Process)
    Leave_LowPowerMode                       0x08003329   Thumb Code    22  usb_config.o(i.Leave_LowPowerMode)
    MemManage_Handler                        0x08003349   Thumb Code     4  stm32f10x_it.o(i.MemManage_Handler)
    MotorControl                             0x0800334d   Thumb Code   714  control.o(i.MotorControl)
    MpuGetData                               0x08003651   Thumb Code   220  mpu6050.o(i.MpuGetData)
    MpuInit                                  0x08003745   Thumb Code   128  mpu6050.o(i.MpuInit)
    NMI_Handler                              0x080037c9   Thumb Code     2  stm32f10x_it.o(i.NMI_Handler)
    NOP_Process                              0x080037cb   Thumb Code     2  usb_core.o(i.NOP_Process)
    NRF24L01_Check                           0x080037cd   Thumb Code    68  nrf24l01.o(i.NRF24L01_Check)
    NRF24L01_Configuration                   0x08003819   Thumb Code   100  nrf24l01.o(i.NRF24L01_Configuration)
    NRF24L01_Read_Buf                        0x08003885   Thumb Code    62  nrf24l01.o(i.NRF24L01_Read_Buf)
    NRF24L01_Read_Reg                        0x080038c9   Thumb Code    40  nrf24l01.o(i.NRF24L01_Read_Reg)
    NRF24L01_RxPacket                        0x080038f5   Thumb Code    52  nrf24l01.o(i.NRF24L01_RxPacket)
    NRF24L01_Write_Buf                       0x08003929   Thumb Code    62  nrf24l01.o(i.NRF24L01_Write_Buf)
    NRF24L01_Write_Reg                       0x0800396d   Thumb Code    42  nrf24l01.o(i.NRF24L01_Write_Reg)
    NRF24L01_init                            0x0800399d   Thumb Code    22  nrf24l01.o(i.NRF24L01_init)
    NVIC_Init                                0x080039b5   Thumb Code   100  misc.o(i.NVIC_Init)
    NVIC_PriorityGroupConfig                 0x08003a25   Thumb Code    10  misc.o(i.NVIC_PriorityGroupConfig)
    Out0_Process                             0x08003b7d   Thumb Code    70  usb_core.o(i.Out0_Process)
    PMAToUserBufferCopy                      0x08003bcd   Thumb Code    34  usb_mem.o(i.PMAToUserBufferCopy)
    PendSV_Handler                           0x08003bf5   Thumb Code     2  stm32f10x_it.o(i.PendSV_Handler)
    PilotLED                                 0x08003bf9   Thumb Code   264  led.o(i.PilotLED)
    Post0_Process                            0x08003d15   Thumb Code    54  usb_core.o(i.Post0_Process)
    PowerOn                                  0x08003d5d   Thumb Code    54  usb_pwr.o(i.PowerOn)
    Q_rsqrt                                  0x08003d9d   Thumb Code    74  mymath.o(i.Q_rsqrt)
    RCC_APB1PeriphClockCmd                   0x08003ded   Thumb Code    26  stm32f10x_rcc.o(i.RCC_APB1PeriphClockCmd)
    RCC_APB2PeriphClockCmd                   0x08003e0d   Thumb Code    26  stm32f10x_rcc.o(i.RCC_APB2PeriphClockCmd)
    RCC_GetClocksFreq                        0x08003e2d   Thumb Code   192  stm32f10x_rcc.o(i.RCC_GetClocksFreq)
    RCC_USBCLKConfig                         0x08003f01   Thumb Code     6  stm32f10x_rcc.o(i.RCC_USBCLKConfig)
    RC_Analy                                 0x08003f0d   Thumb Code  1420  remote.o(i.RC_Analy)
    RX_Mode                                  0x08004505   Thumb Code    80  nrf24l01.o(i.RX_Mode)
    Resume                                   0x0800455d   Thumb Code   168  usb_pwr.o(i.Resume)
    Resume_Init                              0x0800460d   Thumb Code    30  usb_pwr.o(i.Resume_Init)
    SPI_Config                               0x08004631   Thumb Code   104  spi.o(i.SPI_Config)
    SPI_RW                                   0x0800469d   Thumb Code    94  spi.o(i.SPI_RW)
    SVC_Handler                              0x08004701   Thumb Code     2  stm32f10x_it.o(i.SVC_Handler)
    SetBTABLE                                0x08004705   Thumb Code    12  usb_regs.o(i.SetBTABLE)
    SetDeviceAddress                         0x08004715   Thumb Code    62  usb_core.o(i.SetDeviceAddress)
    SetEPRxAddr                              0x08004761   Thumb Code    26  usb_regs.o(i.SetEPRxAddr)
    SetEPRxCount                             0x08004785   Thumb Code    68  usb_regs.o(i.SetEPRxCount)
    SetEPRxStatus                            0x080047d1   Thumb Code    52  usb_regs.o(i.SetEPRxStatus)
    SetEPRxValid                             0x08004809   Thumb Code    38  usb_regs.o(i.SetEPRxValid)
    SetEPTxAddr                              0x08004835   Thumb Code    24  usb_regs.o(i.SetEPTxAddr)
    SetEPTxCount                             0x08004855   Thumb Code    20  usb_regs.o(i.SetEPTxCount)
    SetEPTxStatus                            0x08004871   Thumb Code    52  usb_regs.o(i.SetEPTxStatus)
    SetEPTxValid                             0x080048a9   Thumb Code    38  usb_regs.o(i.SetEPTxValid)
    SetEPType                                0x080048d5   Thumb Code    32  usb_regs.o(i.SetEPType)
    Set_USBClock                             0x080049e1   Thumb Code    18  usb_config.o(i.Set_USBClock)
    Setup0_Process                           0x080049f5   Thumb Code   162  usb_core.o(i.Setup0_Process)
    Standard_ClearFeature                    0x08004aa5   Thumb Code   326  usb_core.o(i.Standard_ClearFeature)
    Standard_GetConfiguration                0x08004c01   Thumb Code    34  usb_core.o(i.Standard_GetConfiguration)
    Standard_GetDescriptorData               0x08004c2d   Thumb Code    32  usb_core.o(i.Standard_GetDescriptorData)
    Standard_GetInterface                    0x08004c51   Thumb Code    34  usb_core.o(i.Standard_GetInterface)
    Standard_GetStatus                       0x08004c7d   Thumb Code   224  usb_core.o(i.Standard_GetStatus)
    Standard_SetConfiguration                0x08004d6d   Thumb Code    60  usb_core.o(i.Standard_SetConfiguration)
    Standard_SetDeviceFeature                0x08004db5   Thumb Code    30  usb_core.o(i.Standard_SetDeviceFeature)
    Standard_SetEndPointFeature              0x08004ddd   Thumb Code   176  usb_core.o(i.Standard_SetEndPointFeature)
    Standard_SetInterface                    0x08004e9d   Thumb Code    96  usb_core.o(i.Standard_SetInterface)
    Suspend                                  0x08004f09   Thumb Code    34  usb_pwr.o(i.Suspend)
    SysTick_Handler                          0x08004f31   Thumb Code    12  delay.o(i.SysTick_Handler)
    SystemInit                               0x08004f41   Thumb Code    78  system_stm32f10x.o(i.SystemInit)
    TIM1_Config                              0x08004fa1   Thumb Code    94  tim.o(i.TIM1_Config)
    TIM1_UP_IRQHandler                       0x08005005   Thumb Code   220  scheduler.o(i.TIM1_UP_IRQHandler)
    TIM2_PWM_Config                          0x08005119   Thumb Code   194  tim.o(i.TIM2_PWM_Config)
    TIM3_PWM_Config                          0x080051e1   Thumb Code   210  tim.o(i.TIM3_PWM_Config)
    TIM_ARRPreloadConfig                     0x080052c1   Thumb Code    24  stm32f10x_tim.o(i.TIM_ARRPreloadConfig)
    TIM_ClearITPendingBit                    0x080052d9   Thumb Code     6  stm32f10x_tim.o(i.TIM_ClearITPendingBit)
    TIM_Cmd                                  0x080052df   Thumb Code    24  stm32f10x_tim.o(i.TIM_Cmd)
    TIM_GetITStatus                          0x080052f7   Thumb Code    34  stm32f10x_tim.o(i.TIM_GetITStatus)
    TIM_ITConfig                             0x08005319   Thumb Code    18  stm32f10x_tim.o(i.TIM_ITConfig)
    TIM_OC1Init                              0x0800532d   Thumb Code   132  stm32f10x_tim.o(i.TIM_OC1Init)
    TIM_OC1PreloadConfig                     0x080053c5   Thumb Code    18  stm32f10x_tim.o(i.TIM_OC1PreloadConfig)
    TIM_OC2Init                              0x080053d9   Thumb Code   154  stm32f10x_tim.o(i.TIM_OC2Init)
    TIM_OC2PreloadConfig                     0x0800547d   Thumb Code    26  stm32f10x_tim.o(i.TIM_OC2PreloadConfig)
    TIM_OC3Init                              0x08005499   Thumb Code   150  stm32f10x_tim.o(i.TIM_OC3Init)
    TIM_OC3PreloadConfig                     0x08005539   Thumb Code    18  stm32f10x_tim.o(i.TIM_OC3PreloadConfig)
    TIM_OC4Init                              0x0800554d   Thumb Code   114  stm32f10x_tim.o(i.TIM_OC4Init)
    TIM_OC4PreloadConfig                     0x080055c9   Thumb Code    26  stm32f10x_tim.o(i.TIM_OC4PreloadConfig)
    TIM_TimeBaseInit                         0x080055e5   Thumb Code   122  stm32f10x_tim.o(i.TIM_TimeBaseInit)
    USART1_Config                            0x08005689   Thumb Code   154  usart.o(i.USART1_Config)
    USART1_IRQHandler                        0x0800572d   Thumb Code   150  usart.o(i.USART1_IRQHandler)
    USART_ClearITPendingBit                  0x080057ed   Thumb Code    30  stm32f10x_usart.o(i.USART_ClearITPendingBit)
    USART_Cmd                                0x0800580b   Thumb Code    24  stm32f10x_usart.o(i.USART_Cmd)
    USART_GetFlagStatus                      0x08005823   Thumb Code    26  stm32f10x_usart.o(i.USART_GetFlagStatus)
    USART_GetITStatus                        0x0800583d   Thumb Code    84  stm32f10x_usart.o(i.USART_GetITStatus)
    USART_ITConfig                           0x08005891   Thumb Code    74  stm32f10x_usart.o(i.USART_ITConfig)
    USART_Init                               0x080058dd   Thumb Code   210  stm32f10x_usart.o(i.USART_Init)
    USART_ReceiveData                        0x080059b5   Thumb Code    10  stm32f10x_usart.o(i.USART_ReceiveData)
    USART_SendData                           0x080059bf   Thumb Code     8  stm32f10x_usart.o(i.USART_SendData)
    USB_Cable_Config                         0x080059c7   Thumb Code     2  usb_config.o(i.USB_Cable_Config)
    USB_HID_Init                             0x080059c9   Thumb Code    28  usb_hid.o(i.USB_HID_Init)
    USB_Init                                 0x080059e9   Thumb Code    36  usb_init.o(i.USB_Init)
    USB_Interrupts_Config                    0x08005a25   Thumb Code    34  usb_config.o(i.USB_Interrupts_Config)
    USB_Istr                                 0x08005a49   Thumb Code   222  usb_istr.o(i.USB_Istr)
    USB_LP_CAN1_RX0_IRQHandler               0x08005b41   Thumb Code     8  stm32f10x_it.o(i.USB_LP_CAN1_RX0_IRQHandler)
    UsageFault_Handler                       0x08005b49   Thumb Code     4  stm32f10x_it.o(i.UsageFault_Handler)
    Usb_Hid_Adddata                          0x08005b4d   Thumb Code    36  usb_hid.o(i.Usb_Hid_Adddata)
    Usb_Hid_Send                             0x08005b79   Thumb Code   438  usb_hid.o(i.Usb_Hid_Send)
    UserToPMABufferCopy                      0x08005d49   Thumb Code    52  usb_mem.o(i.UserToPMABufferCopy)
    __0printf$bare                           0x08005d81   Thumb Code     8  printfb.o(i.__0printf$bare)
    __1printf$bare                           0x08005d81   Thumb Code     0  printfb.o(i.__0printf$bare)
    __2printf                                0x08005d81   Thumb Code     0  printfb.o(i.__0printf$bare)
    __ARM_fpclassify                         0x08005d91   Thumb Code    40  fpclassify.o(i.__ARM_fpclassify)
    __ARM_fpclassifyf                        0x08005db9   Thumb Code    38  fpclassifyf.o(i.__ARM_fpclassifyf)
    __kernel_poly                            0x08005ddf   Thumb Code   170  poly.o(i.__kernel_poly)
    __mathlib_dbl_infnan                     0x08005e89   Thumb Code     6  dunder.o(i.__mathlib_dbl_infnan)
    __mathlib_dbl_invalid                    0x08005e8f   Thumb Code    12  dunder.o(i.__mathlib_dbl_invalid)
    __mathlib_dbl_underflow                  0x08005e9d   Thumb Code    10  dunder.o(i.__mathlib_dbl_underflow)
    __mathlib_flt_infnan                     0x08005ead   Thumb Code     6  funder.o(i.__mathlib_flt_infnan)
    __mathlib_flt_infnan2                    0x08005eb3   Thumb Code     4  funder.o(i.__mathlib_flt_infnan2)
    __mathlib_flt_invalid                    0x08005eb7   Thumb Code     8  funder.o(i.__mathlib_flt_invalid)
    __mathlib_flt_underflow                  0x08005ebf   Thumb Code    10  funder.o(i.__mathlib_flt_underflow)
    __mathlib_rredf2                         0x08005ec9   Thumb Code   344  rredf.o(i.__mathlib_rredf2)
    __scatterload_copy                       0x08006031   Thumb Code    14  handlers.o(i.__scatterload_copy)
    __scatterload_null                       0x0800603f   Thumb Code     2  handlers.o(i.__scatterload_null)
    __scatterload_zeroinit                   0x08006041   Thumb Code    14  handlers.o(i.__scatterload_zeroinit)
    __set_errno                              0x08006051   Thumb Code     6  errno.o(i.__set_errno)
    asin                                     0x08006081   Thumb Code   572  asin.o(i.asin)
    atan2f                                   0x080062f1   Thumb Code   598  atan2f.o(i.atan2f)
    cycleCounterInit                         0x08006595   Thumb Code    84  delay.o(i.cycleCounterInit)
    delay_ms                                 0x080065f5   Thumb Code    34  delay.o(i.delay_ms)
    flow_data_sins                           0x08006619   Thumb Code   648  flow.o(i.flow_data_sins)
    flow_get_data                            0x080068fd   Thumb Code   160  flow.o(i.flow_get_data)
    fputc                                    0x080069b1   Thumb Code    32  usart.o(i.fputc)
    kalman_1                                 0x080069d5   Thumb Code    88  kalman.o(i.kalman_1)
    main                                     0x08006a2d   Thumb Code   108  main.o(i.main)
    parseData                                0x08006aa5   Thumb Code   170  usart.o(i.parseData)
    pidRest                                  0x08006b55   Thumb Code    50  pid.o(i.pidRest)
    pidUpdate                                0x08006b87   Thumb Code   114  pid.o(i.pidUpdate)
    pid_param_Init                           0x08006bf9   Thumb Code   122  init.o(i.pid_param_Init)
    remote_unlock                            0x08006cd1   Thumb Code   454  remote.o(i.remote_unlock)
    sqrt                                     0x08006ed1   Thumb Code    76  sqrt.o(i.sqrt)
    tanf                                     0x08006f1d   Thumb Code   314  tanf.o(i.tanf)
    TX_ADDRESS                               0x08007090   Data           5  nrf24l01.o(.constdata)
    RX_ADDRESS                               0x08007095   Data           5  nrf24l01.o(.constdata)
    M_PI                                     0x0800709c   Data           4  mymath.o(.constdata)
    RtA                                      0x080070a0   Data           4  mymath.o(.constdata)
    AtR                                      0x080070a4   Data           4  mymath.o(.constdata)
    Gyro_G                                   0x080070a8   Data           4  mymath.o(.constdata)
    Gyro_Gr                                  0x080070ac   Data           4  mymath.o(.constdata)
    PI_2                                     0x080070b0   Data           4  mymath.o(.constdata)
    CustomHID_DeviceDescriptor               0x080070b4   Data          18  usb_desc.o(.constdata)
    CustomHID_ConfigDescriptor               0x080070c6   Data          41  usb_desc.o(.constdata)
    CustomHID_ReportDescriptor               0x080070ef   Data          33  usb_desc.o(.constdata)
    CustomHID_StringLangID                   0x08007110   Data           4  usb_desc.o(.constdata)
    CustomHID_StringVendor                   0x08007114   Data          20  usb_desc.o(.constdata)
    CustomHID_StringProduct                  0x08007128   Data          18  usb_desc.o(.constdata)
    Region$$Table$$Base                      0x080071b0   Number         0  anon$$obj.o(Region$$Table)
    Region$$Table$$Limit                     0x080071d0   Number         0  anon$$obj.o(Region$$Table)
    SystemCoreClock                          0x20000000   Data           4  system_stm32f10x.o(.data)
    AHBPrescTable                            0x20000004   Data          16  system_stm32f10x.o(.data)
    cnt_600ms                                0x20000014   Data           2  scheduler.o(.data)
    SysTick_count                            0x2000001c   Data           4  init.o(.data)
    ALL_flag                                 0x20000020   Data           1  init.o(.data)
    motor_PWM_Value                          0x20000022   Data           8  init.o(.data)
    value1                                   0x2000003e   Data           2  usart.o(.data)
    value2                                   0x20000040   Data           2  usart.o(.data)
    Data_Point                               0x20000042   Data           2  usart.o(.data)
    value3                                   0x20000044   Data           2  usart.o(.data)
    value4                                   0x20000046   Data           2  usart.o(.data)
    rec_data                                 0x20000048   Data           2  usart.o(.data)
    data_state                               0x2000004a   Data           2  usart.o(.data)
    value5                                   0x2000004c   Data           2  usart.o(.data)
    CheckSend                                0x2000004e   Data           7  usart.o(.data)
    USB_ReceiveFlg                           0x20000055   Data           1  usb_hid.o(.data)
    HID_SEND_TIMEOUT                         0x20000056   Data           1  usb_hid.o(.data)
    hid_datatemp_begin                       0x20000057   Data           1  usb_hid.o(.data)
    hid_datatemp_end                         0x20000058   Data           1  usb_hid.o(.data)
    EraseCounter                             0x2000005c   Data           4  flash.o(.data)
    Address                                  0x20000060   Data           4  flash.o(.data)
    First_Page                               0x20000064   Data           4  flash.o(.data)
    FLASHStatus                              0x20000068   Data           1  flash.o(.data)
    MemoryProgramStatus                      0x20000069   Data           1  flash.o(.data)
    LED                                      0x2000006c   Data           4  led.o(.data)
    gyroX_i                                  0x200000c0   Data           4  flow.o(.data)
    gyroY_i                                  0x200000c4   Data           4  flow.o(.data)
    flow_x_i                                 0x200000c8   Data           4  flow.o(.data)
    flow_y_i                                 0x200000cc   Data           4  flow.o(.data)
    flow_x_vel_lpf_i                         0x200000d0   Data           4  flow.o(.data)
    flow_y_vel_lpf_i                         0x200000d4   Data           4  flow.o(.data)
    flow_x_pos_lpf_i                         0x200000d8   Data           4  flow.o(.data)
    flow_y_pos_lpf_i                         0x200000dc   Data           4  flow.o(.data)
    flow_x_lpf_att_i                         0x200000e0   Data           4  flow.o(.data)
    flow_y_lpf_att_i                         0x200000e4   Data           4  flow.o(.data)
    flow_x_att                               0x200000e8   Data           4  flow.o(.data)
    flow_y_att                               0x200000ec   Data           4  flow.o(.data)
    flow_vel_x_i                             0x200000f0   Data           4  flow.o(.data)
    flow_vel_y_i                             0x200000f4   Data           4  flow.o(.data)
    last_flow_pos_x_i                        0x200000f8   Data           4  flow.o(.data)
    last_flow_pos_y_i                        0x200000fc   Data           4  flow.o(.data)
    temp_data                                0x20000100   Data           6  flow.o(.data)
    error_count                              0x20000106   Data           1  flow.o(.data)
    checkPID                                 0x20000108   Data           2  ano_dt.o(.data)
    last_Remote_AUX1                         0x2000010c   Data           2  remote.o(.data)
    last_Remote_AUX3                         0x2000010e   Data           2  remote.o(.data)
    last_Remote_AUX4                         0x20000110   Data           2  remote.o(.data)
    last_Remote_AUX2                         0x20000112   Data           2  remote.o(.data)
    roll_offset                              0x20000114   Data           2  remote.o(.data)
    pitch_offset                             0x20000116   Data           2  remote.o(.data)
    pPidObject                               0x20000120   Data          48  control.o(.data)
    sins_high                                0x20000150   Data           4  control.o(.data)
    sins_vel                                 0x20000154   Data           4  control.o(.data)
    thr_hold                                 0x20000158   Data           2  control.o(.data)
    last_high                                0x2000015c   Data           4  control.o(.data)
    last_vel                                 0x20000160   Data           4  control.o(.data)
    VL53L01_high                             0x20000164   Data           4  control.o(.data)
    set_high                                 0x20000169   Data           1  control.o(.data)
    low_thr_cnt                              0x2000016a   Data           2  control.o(.data)
    StatusInfo                               0x200001a8   Data           2  usb_core.o(.data)
    Data_Mul_MaxPacketSize                   0x200001aa   Data           1  usb_core.o(.data)
    EPindex                                  0x200001ac   Data           1  usb_init.o(.data)
    pInformation                             0x200001b0   Data           4  usb_init.o(.data)
    pProperty                                0x200001b4   Data           4  usb_init.o(.data)
    SaveState                                0x200001b8   Data           2  usb_init.o(.data)
    wInterrupt_Mask                          0x200001ba   Data           2  usb_init.o(.data)
    pUser_Standard_Requests                  0x200001bc   Data           4  usb_init.o(.data)
    SaveRState                               0x200001c0   Data           2  usb_int.o(.data)
    SaveTState                               0x200001c2   Data           2  usb_int.o(.data)
    CustomHID_StringSerial                   0x200001c4   Data          26  usb_desc.o(.data)
    wIstr                                    0x200001e0   Data           2  usb_istr.o(.data)
    bIntPackSOF                              0x200001e2   Data           1  usb_istr.o(.data)
    pEpInt_IN                                0x200001e4   Data          28  usb_istr.o(.data)
    pEpInt_OUT                               0x20000200   Data          28  usb_istr.o(.data)
    ProtocolValue                            0x2000021c   Data           4  usb_prop.o(.data)
    Device_Table                             0x20000220   Data           2  usb_prop.o(.data)
    Device_Property                          0x20000224   Data          48  usb_prop.o(.data)
    User_Standard_Requests                   0x20000254   Data          36  usb_prop.o(.data)
    Device_Descriptor                        0x20000278   Data           8  usb_prop.o(.data)
    Config_Descriptor                        0x20000280   Data           8  usb_prop.o(.data)
    CustomHID_Report_Descriptor              0x20000288   Data           8  usb_prop.o(.data)
    CustomHID_Hid_Descriptor                 0x20000290   Data           8  usb_prop.o(.data)
    String_Descriptor                        0x20000298   Data          32  usb_prop.o(.data)
    bDeviceState                             0x200002b8   Data           4  usb_pwr.o(.data)
    fSuspendEnabled                          0x200002bc   Data           1  usb_pwr.o(.data)
    ResumeS                                  0x200002bd   Data           2  usb_pwr.o(.data)
    __stdout                                 0x200002c0   Data           4  stdout.o(.data)
    MPU6050                                  0x200002c8   Data          12  init.o(.bss)
    Angle                                    0x200002d4   Data          12  init.o(.bss)
    Remote                                   0x200002e0   Data          24  init.o(.bss)
    pidRateX                                 0x200002f8   Data          52  init.o(.bss)
    pidRateY                                 0x2000032c   Data          52  init.o(.bss)
    pidRateZ                                 0x20000360   Data          52  init.o(.bss)
    pidPitch                                 0x20000394   Data          52  init.o(.bss)
    pidRoll                                  0x200003c8   Data          52  init.o(.bss)
    pidYaw                                   0x200003fc   Data          52  init.o(.bss)
    pidHeightRate                            0x20000430   Data          52  init.o(.bss)
    pidHeightHigh                            0x20000464   Data          52  init.o(.bss)
    pidPositionX                             0x20000498   Data          52  init.o(.bss)
    pidPositionY                             0x200004cc   Data          52  init.o(.bss)
    pidPosRateX                              0x20000500   Data          52  init.o(.bss)
    pidPosRateY                              0x20000534   Data          52  init.o(.bss)
    receivedData                             0x20000568   Data          24  usart.o(.bss)
    Hid_RxData                               0x20000580   Data          64  usb_hid.o(.bss)
    hid_datatemp                             0x200005c0   Data         256  usb_hid.o(.bss)
    MpuOffset                                0x200006c0   Data          12  mpu6050.o(.bss)
    flow_data                                0x200006d8   Data          16  flow.o(.bss)
    RC_rxData                                0x2000071e   Data          32  remote.o(.bss)
    Device_Info                              0x2000074c   Data          28  usb_init.o(.bss)
    Transi_Buffer                            0x20000768   Data          64  usb_endp.o(.bss)
    __initial_sp                             0x20000ba8   Data           0  startup_stm32f10x_md.o(STACK)



==============================================================================

Memory Map of the image

  Image Entry point : 0x080000ed

  Load Region LR_IROM1 (Base: 0x08000000, Size: 0x00007498, Max: 0x00010000, ABSOLUTE, COMPRESSED[0x000072dc])

    Execution Region ER_IROM1 (Exec base: 0x08000000, Load base: 0x08000000, Size: 0x000071d0, Max: 0x00010000, ABSOLUTE)

    Exec Addr    Load Addr    Size         Type   Attr      Idx    E Section Name        Object

    0x08000000   0x08000000   0x000000ec   Data   RO          105    RESET               startup_stm32f10x_md.o
    0x080000ec   0x080000ec   0x00000000   Code   RO         5241  * .ARM.Collect$$$$00000000  mc_w.l(entry.o)
    0x080000ec   0x080000ec   0x00000004   Code   RO         5589    .ARM.Collect$$$$00000001  mc_w.l(entry2.o)
    0x080000f0   0x080000f0   0x00000004   Code   RO         5592    .ARM.Collect$$$$00000004  mc_w.l(entry5.o)
    0x080000f4   0x080000f4   0x00000000   Code   RO         5594    .ARM.Collect$$$$00000008  mc_w.l(entry7b.o)
    0x080000f4   0x080000f4   0x00000000   Code   RO         5596    .ARM.Collect$$$$0000000A  mc_w.l(entry8b.o)
    0x080000f4   0x080000f4   0x00000008   Code   RO         5597    .ARM.Collect$$$$0000000B  mc_w.l(entry9a.o)
    0x080000fc   0x080000fc   0x00000004   Code   RO         5604    .ARM.Collect$$$$0000000E  mc_w.l(entry12b.o)
    0x08000100   0x08000100   0x00000000   Code   RO         5599    .ARM.Collect$$$$0000000F  mc_w.l(entry10a.o)
    0x08000100   0x08000100   0x00000000   Code   RO         5601    .ARM.Collect$$$$00000011  mc_w.l(entry11a.o)
    0x08000100   0x08000100   0x00000004   Code   RO         5590    .ARM.Collect$$$$00002712  mc_w.l(entry2.o)
    0x08000104   0x08000104   0x00000024   Code   RO          106    .text               startup_stm32f10x_md.o
    0x08000128   0x08000128   0x00000024   Code   RO         5246    .text               mc_w.l(memseta.o)
    0x0800014c   0x0800014c   0x000000b0   Code   RO         5510    .text               mf_w.l(fadd.o)
    0x080001fc   0x080001fc   0x00000064   Code   RO         5512    .text               mf_w.l(fmul.o)
    0x08000260   0x08000260   0x0000007c   Code   RO         5514    .text               mf_w.l(fdiv.o)
    0x080002dc   0x080002dc   0x0000014e   Code   RO         5516    .text               mf_w.l(dadd.o)
    0x0800042a   0x0800042a   0x000000e4   Code   RO         5518    .text               mf_w.l(dmul.o)
    0x0800050e   0x0800050e   0x00000012   Code   RO         5520    .text               mf_w.l(fflti.o)
    0x08000520   0x08000520   0x0000000a   Code   RO         5522    .text               mf_w.l(ffltui.o)
    0x0800052a   0x0800052a   0x00000022   Code   RO         5524    .text               mf_w.l(dflti.o)
    0x0800054c   0x0800054c   0x00000032   Code   RO         5526    .text               mf_w.l(ffixi.o)
    0x0800057e   0x0800057e   0x00000026   Code   RO         5528    .text               mf_w.l(f2d.o)
    0x080005a4   0x080005a4   0x00000038   Code   RO         5530    .text               mf_w.l(d2f.o)
    0x080005dc   0x080005dc   0x00000014   Code   RO         5532    .text               mf_w.l(cfcmple.o)
    0x080005f0   0x080005f0   0x00000014   Code   RO         5534    .text               mf_w.l(cfrcmple.o)
    0x08000604   0x08000604   0x0000001e   Code   RO         5610    .text               mc_w.l(llshl.o)
    0x08000622   0x08000622   0x00000024   Code   RO         5612    .text               mc_w.l(llsshr.o)
    0x08000646   0x08000646   0x00000000   Code   RO         5621    .text               mc_w.l(iusefp.o)
    0x08000646   0x08000646   0x0000006e   Code   RO         5622    .text               mf_w.l(fepilogue.o)
    0x080006b4   0x080006b4   0x00000018   Code   RO         5624    .text               mf_w.l(fscalb.o)
    0x080006cc   0x080006cc   0x0000003c   Code   RO         5626    .text               mf_w.l(frnd.o)
    0x08000708   0x08000708   0x000000ba   Code   RO         5628    .text               mf_w.l(depilogue.o)
    0x080007c2   0x080007c2   0x000000de   Code   RO         5630    .text               mf_w.l(ddiv.o)
    0x080008a0   0x080008a0   0x0000002e   Code   RO         5632    .text               mf_w.l(dscalb.o)
    0x080008ce   0x080008ce   0x00000002   PAD
    0x080008d0   0x080008d0   0x00000024   Code   RO         5638    .text               mc_w.l(init.o)
    0x080008f4   0x080008f4   0x00000020   Code   RO         5640    .text               mc_w.l(llushr.o)
    0x08000914   0x08000914   0x000000a2   Code   RO         5644    .text               mf_w.l(dsqrt.o)
    0x080009b6   0x080009b6   0x00000056   Code   RO         5656    .text               mc_w.l(__dczerorl2.o)
    0x08000a0c   0x08000a0c   0x00000030   Code   RO          368    i.ALL_Init          init.o
    0x08000a3c   0x08000a3c   0x00000330   Code   RO         3946    i.ANTO_Send         ano_dt.o
    0x08000d6c   0x08000d6c   0x00000248   Code   RO         3947    i.ANTO_polling      ano_dt.o
    0x08000fb4   0x08000fb4   0x00000004   Code   RO          110    i.BusFault_Handler  stm32f10x_it.o
    0x08000fb8   0x08000fb8   0x0000000c   Code   RO         4565    i.ByteSwap          usb_regs.o
    0x08000fc4   0x08000fc4   0x00000328   Code   RO         4518    i.CTR_LP            usb_int.o
    0x080012ec   0x080012ec   0x00000034   Code   RO         4566    i.ClearDTOG_RX      usb_regs.o
    0x08001320   0x08001320   0x00000034   Code   RO         4567    i.ClearDTOG_TX      usb_regs.o
    0x08001354   0x08001354   0x00000020   Code   RO         4572    i.Clear_Status_Out  usb_regs.o
    0x08001374   0x08001374   0x0000007c   Code   RO         5052    i.CustomHID_Data_Setup  usb_prop.o
    0x080013f0   0x080013f0   0x00000014   Code   RO         5053    i.CustomHID_GetConfigDescriptor  usb_prop.o
    0x08001404   0x08001404   0x00000014   Code   RO         5054    i.CustomHID_GetDeviceDescriptor  usb_prop.o
    0x08001418   0x08001418   0x00000014   Code   RO         5055    i.CustomHID_GetHIDDescriptor  usb_prop.o
    0x0800142c   0x0800142c   0x0000001c   Code   RO         5056    i.CustomHID_GetProtocolValue  usb_prop.o
    0x08001448   0x08001448   0x00000014   Code   RO         5057    i.CustomHID_GetReportDescriptor  usb_prop.o
    0x0800145c   0x0800145c   0x00000028   Code   RO         5058    i.CustomHID_GetStringDescriptor  usb_prop.o
    0x08001484   0x08001484   0x00000016   Code   RO         5059    i.CustomHID_Get_Interface_Setting  usb_prop.o
    0x0800149a   0x0800149a   0x00000002   PAD
    0x0800149c   0x0800149c   0x00000024   Code   RO         5060    i.CustomHID_NoData_Setup  usb_prop.o
    0x080014c0   0x080014c0   0x000000c0   Code   RO         5061    i.CustomHID_Reset   usb_prop.o
    0x08001580   0x08001580   0x00000018   Code   RO         5062    i.CustomHID_SetConfiguration  usb_prop.o
    0x08001598   0x08001598   0x0000000c   Code   RO         5063    i.CustomHID_SetDeviceAddress  usb_prop.o
    0x080015a4   0x080015a4   0x00000018   Code   RO         5064    i.CustomHID_SetProtocol  usb_prop.o
    0x080015bc   0x080015bc   0x00000002   Code   RO         5065    i.CustomHID_Status_In  usb_prop.o
    0x080015be   0x080015be   0x00000002   Code   RO         5066    i.CustomHID_Status_Out  usb_prop.o
    0x080015c0   0x080015c0   0x00000044   Code   RO         5067    i.CustomHID_init    usb_prop.o
    0x08001604   0x08001604   0x000000c0   Code   RO         4348    i.DataStageIn       usb_core.o
    0x080016c4   0x080016c4   0x000000bc   Code   RO         4349    i.DataStageOut      usb_core.o
    0x08001780   0x08001780   0x00000298   Code   RO         4350    i.Data_Setup0       usb_core.o
    0x08001a18   0x08001a18   0x00000002   Code   RO          111    i.DebugMon_Handler  stm32f10x_it.o
    0x08001a1a   0x08001a1a   0x00000002   PAD
    0x08001a1c   0x08001a1c   0x00000024   Code   RO         5007    i.EP1_OUT_Callback  usb_endp.o
    0x08001a40   0x08001a40   0x00000018   Code   RO         5008    i.EP2_IN_Callback   usb_endp.o
    0x08001a58   0x08001a58   0x0000000c   Code   RO         4925    i.Enter_LowPowerMode  usb_config.o
    0x08001a64   0x08001a64   0x00000030   Code   RO         3677    i.FLASH_read        flash.o
    0x08001a94   0x08001a94   0x000001ac   Code   RO         4027    i.FlightPidControl  control.o
    0x08001c40   0x08001c40   0x000003b4   Code   RO         4028    i.FlowPidControl    control.o
    0x08001ff4   0x08001ff4   0x00000116   Code   RO         1563    i.GPIO_Init         stm32f10x_gpio.o
    0x0800210a   0x0800210a   0x00000004   Code   RO         1571    i.GPIO_SetBits      stm32f10x_gpio.o
    0x0800210e   0x0800210e   0x00000002   PAD
    0x08002110   0x08002110   0x00000774   Code   RO         4196    i.GetAngle          imu.o
    0x08002884   0x08002884   0x00000020   Code   RO         4584    i.GetEPRxAddr       usb_regs.o
    0x080028a4   0x080028a4   0x00000020   Code   RO         4587    i.GetEPTxAddr       usb_regs.o
    0x080028c4   0x080028c4   0x00000024   Code   RO         4197    i.GetNormAccz       imu.o
    0x080028e8   0x080028e8   0x0000002c   Code   RO          298    i.GetSysTime_us     delay.o
    0x08002914   0x08002914   0x00000048   Code   RO         4926    i.Get_SerialNum     usb_config.o
    0x0800295c   0x0800295c   0x00000004   Code   RO          112    i.HardFault_Handler  stm32f10x_it.o
    0x08002960   0x08002960   0x000002fc   Code   RO         4029    i.HeightPidControl  control.o
    0x08002c5c   0x08002c5c   0x000000cc   Code   RO         3388    i.I2c_Ack           iic_software.o
    0x08002d28   0x08002d28   0x000000cc   Code   RO         3389    i.I2c_NoAck         iic_software.o
    0x08002df4   0x08002df4   0x000000c0   Code   RO         3390    i.I2c_ReadByte      iic_software.o
    0x08002eb4   0x08002eb4   0x000000c0   Code   RO         3391    i.I2c_SendByte      iic_software.o
    0x08002f74   0x08002f74   0x00000094   Code   RO         3392    i.I2c_Start         iic_software.o
    0x08003008   0x08003008   0x0000009c   Code   RO         3393    i.I2c_Stop          iic_software.o
    0x080030a4   0x080030a4   0x000000b4   Code   RO         3394    i.I2c_WaitAck       iic_software.o
    0x08003158   0x08003158   0x0000002c   Code   RO         3395    i.IIC_Init          iic_software.o
    0x08003184   0x08003184   0x00000064   Code   RO         3396    i.IIC_Read_One_Byte  iic_software.o
    0x080031e8   0x080031e8   0x00000044   Code   RO         3398    i.IIC_Write_One_Byte  iic_software.o
    0x0800322c   0x0800322c   0x0000008c   Code   RO         3399    i.IIC_read_Bytes    iic_software.o
    0x080032b8   0x080032b8   0x00000070   Code   RO         4351    i.In0_Process       usb_core.o
    0x08003328   0x08003328   0x00000020   Code   RO         4927    i.Leave_LowPowerMode  usb_config.o
    0x08003348   0x08003348   0x00000004   Code   RO          113    i.MemManage_Handler  stm32f10x_it.o
    0x0800334c   0x0800334c   0x00000304   Code   RO         4030    i.MotorControl      control.o
    0x08003650   0x08003650   0x000000f4   Code   RO         3794    i.MpuGetData        mpu6050.o
    0x08003744   0x08003744   0x00000084   Code   RO         3796    i.MpuInit           mpu6050.o
    0x080037c8   0x080037c8   0x00000002   Code   RO          114    i.NMI_Handler       stm32f10x_it.o
    0x080037ca   0x080037ca   0x00000002   Code   RO         4352    i.NOP_Process       usb_core.o
    0x080037cc   0x080037cc   0x0000004c   Code   RO         3719    i.NRF24L01_Check    nrf24l01.o
    0x08003818   0x08003818   0x0000006c   Code   RO         3720    i.NRF24L01_Configuration  nrf24l01.o
    0x08003884   0x08003884   0x00000044   Code   RO         3721    i.NRF24L01_Read_Buf  nrf24l01.o
    0x080038c8   0x080038c8   0x0000002c   Code   RO         3722    i.NRF24L01_Read_Reg  nrf24l01.o
    0x080038f4   0x080038f4   0x00000034   Code   RO         3723    i.NRF24L01_RxPacket  nrf24l01.o
    0x08003928   0x08003928   0x00000044   Code   RO         3725    i.NRF24L01_Write_Buf  nrf24l01.o
    0x0800396c   0x0800396c   0x00000030   Code   RO         3726    i.NRF24L01_Write_Reg  nrf24l01.o
    0x0800399c   0x0800399c   0x00000016   Code   RO         3727    i.NRF24L01_init     nrf24l01.o
    0x080039b2   0x080039b2   0x00000002   PAD
    0x080039b4   0x080039b4   0x00000070   Code   RO          394    i.NVIC_Init         misc.o
    0x08003a24   0x08003a24   0x00000014   Code   RO          395    i.NVIC_PriorityGroupConfig  misc.o
    0x08003a38   0x08003a38   0x00000144   Code   RO         4353    i.NoData_Setup0     usb_core.o
    0x08003b7c   0x08003b7c   0x00000050   Code   RO         4354    i.Out0_Process      usb_core.o
    0x08003bcc   0x08003bcc   0x00000028   Code   RO         4547    i.PMAToUserBufferCopy  usb_mem.o
    0x08003bf4   0x08003bf4   0x00000002   Code   RO          115    i.PendSV_Handler    stm32f10x_it.o
    0x08003bf6   0x08003bf6   0x00000002   PAD
    0x08003bf8   0x08003bf8   0x0000011c   Code   RO         3701    i.PilotLED          led.o
    0x08003d14   0x08003d14   0x00000048   Code   RO         4355    i.Post0_Process     usb_core.o
    0x08003d5c   0x08003d5c   0x00000040   Code   RO         5166    i.PowerOn           usb_pwr.o
    0x08003d9c   0x08003d9c   0x00000050   Code   RO         4224    i.Q_rsqrt           mymath.o
    0x08003dec   0x08003dec   0x00000020   Code   RO         1985    i.RCC_APB1PeriphClockCmd  stm32f10x_rcc.o
    0x08003e0c   0x08003e0c   0x00000020   Code   RO         1987    i.RCC_APB2PeriphClockCmd  stm32f10x_rcc.o
    0x08003e2c   0x08003e2c   0x000000d4   Code   RO         1995    i.RCC_GetClocksFreq  stm32f10x_rcc.o
    0x08003f00   0x08003f00   0x0000000c   Code   RO         2013    i.RCC_USBCLKConfig  stm32f10x_rcc.o
    0x08003f0c   0x08003f0c   0x000005f8   Code   RO         3998    i.RC_Analy          remote.o
    0x08004504   0x08004504   0x00000058   Code   RO         3728    i.RX_Mode           nrf24l01.o
    0x0800455c   0x0800455c   0x000000b0   Code   RO         5167    i.Resume            usb_pwr.o
    0x0800460c   0x0800460c   0x00000024   Code   RO         5168    i.Resume_Init       usb_pwr.o
    0x08004630   0x08004630   0x0000006c   Code   RO         3582    i.SPI_Config        spi.o
    0x0800469c   0x0800469c   0x00000064   Code   RO         3583    i.SPI_RW            spi.o
    0x08004700   0x08004700   0x00000002   Code   RO          116    i.SVC_Handler       stm32f10x_it.o
    0x08004702   0x08004702   0x00000002   PAD
    0x08004704   0x08004704   0x00000010   Code   RO         4595    i.SetBTABLE         usb_regs.o
    0x08004714   0x08004714   0x0000004c   Code   RO         4356    i.SetDeviceAddress  usb_core.o
    0x08004760   0x08004760   0x00000024   Code   RO         4609    i.SetEPRxAddr       usb_regs.o
    0x08004784   0x08004784   0x0000004c   Code   RO         4610    i.SetEPRxCount      usb_regs.o
    0x080047d0   0x080047d0   0x00000038   Code   RO         4611    i.SetEPRxStatus     usb_regs.o
    0x08004808   0x08004808   0x0000002c   Code   RO         4612    i.SetEPRxValid      usb_regs.o
    0x08004834   0x08004834   0x00000020   Code   RO         4613    i.SetEPTxAddr       usb_regs.o
    0x08004854   0x08004854   0x0000001c   Code   RO         4614    i.SetEPTxCount      usb_regs.o
    0x08004870   0x08004870   0x00000038   Code   RO         4615    i.SetEPTxStatus     usb_regs.o
    0x080048a8   0x080048a8   0x0000002c   Code   RO         4616    i.SetEPTxValid      usb_regs.o
    0x080048d4   0x080048d4   0x00000024   Code   RO         4617    i.SetEPType         usb_regs.o
    0x080048f8   0x080048f8   0x00000008   Code   RO           17    i.SetSysClock       system_stm32f10x.o
    0x08004900   0x08004900   0x000000e0   Code   RO           18    i.SetSysClockTo72   system_stm32f10x.o
    0x080049e0   0x080049e0   0x00000012   Code   RO         4928    i.Set_USBClock      usb_config.o
    0x080049f2   0x080049f2   0x00000002   PAD
    0x080049f4   0x080049f4   0x000000b0   Code   RO         4357    i.Setup0_Process    usb_core.o
    0x08004aa4   0x08004aa4   0x0000015c   Code   RO         4358    i.Standard_ClearFeature  usb_core.o
    0x08004c00   0x08004c00   0x0000002c   Code   RO         4359    i.Standard_GetConfiguration  usb_core.o
    0x08004c2c   0x08004c2c   0x00000024   Code   RO         4360    i.Standard_GetDescriptorData  usb_core.o
    0x08004c50   0x08004c50   0x0000002c   Code   RO         4361    i.Standard_GetInterface  usb_core.o
    0x08004c7c   0x08004c7c   0x000000f0   Code   RO         4362    i.Standard_GetStatus  usb_core.o
    0x08004d6c   0x08004d6c   0x00000048   Code   RO         4363    i.Standard_SetConfiguration  usb_core.o
    0x08004db4   0x08004db4   0x00000028   Code   RO         4364    i.Standard_SetDeviceFeature  usb_core.o
    0x08004ddc   0x08004ddc   0x000000c0   Code   RO         4365    i.Standard_SetEndPointFeature  usb_core.o
    0x08004e9c   0x08004e9c   0x0000006c   Code   RO         4366    i.Standard_SetInterface  usb_core.o
    0x08004f08   0x08004f08   0x00000028   Code   RO         5169    i.Suspend           usb_pwr.o
    0x08004f30   0x08004f30   0x00000010   Code   RO          299    i.SysTick_Handler   delay.o
    0x08004f40   0x08004f40   0x00000060   Code   RO           20    i.SystemInit        system_stm32f10x.o
    0x08004fa0   0x08004fa0   0x00000064   Code   RO         3531    i.TIM1_Config       tim.o
    0x08005004   0x08005004   0x00000114   Code   RO          346    i.TIM1_UP_IRQHandler  scheduler.o
    0x08005118   0x08005118   0x000000c8   Code   RO         3532    i.TIM2_PWM_Config   tim.o
    0x080051e0   0x080051e0   0x000000e0   Code   RO         3533    i.TIM3_PWM_Config   tim.o
    0x080052c0   0x080052c0   0x00000018   Code   RO         2610    i.TIM_ARRPreloadConfig  stm32f10x_tim.o
    0x080052d8   0x080052d8   0x00000006   Code   RO         2617    i.TIM_ClearITPendingBit  stm32f10x_tim.o
    0x080052de   0x080052de   0x00000018   Code   RO         2622    i.TIM_Cmd           stm32f10x_tim.o
    0x080052f6   0x080052f6   0x00000022   Code   RO         2643    i.TIM_GetITStatus   stm32f10x_tim.o
    0x08005318   0x08005318   0x00000012   Code   RO         2647    i.TIM_ITConfig      stm32f10x_tim.o
    0x0800532a   0x0800532a   0x00000002   PAD
    0x0800532c   0x0800532c   0x00000098   Code   RO         2651    i.TIM_OC1Init       stm32f10x_tim.o
    0x080053c4   0x080053c4   0x00000012   Code   RO         2654    i.TIM_OC1PreloadConfig  stm32f10x_tim.o
    0x080053d6   0x080053d6   0x00000002   PAD
    0x080053d8   0x080053d8   0x000000a4   Code   RO         2656    i.TIM_OC2Init       stm32f10x_tim.o
    0x0800547c   0x0800547c   0x0000001a   Code   RO         2659    i.TIM_OC2PreloadConfig  stm32f10x_tim.o
    0x08005496   0x08005496   0x00000002   PAD
    0x08005498   0x08005498   0x000000a0   Code   RO         2661    i.TIM_OC3Init       stm32f10x_tim.o
    0x08005538   0x08005538   0x00000012   Code   RO         2664    i.TIM_OC3PreloadConfig  stm32f10x_tim.o
    0x0800554a   0x0800554a   0x00000002   PAD
    0x0800554c   0x0800554c   0x0000007c   Code   RO         2666    i.TIM_OC4Init       stm32f10x_tim.o
    0x080055c8   0x080055c8   0x0000001a   Code   RO         2668    i.TIM_OC4PreloadConfig  stm32f10x_tim.o
    0x080055e2   0x080055e2   0x00000002   PAD
    0x080055e4   0x080055e4   0x000000a4   Code   RO         2693    i.TIM_TimeBaseInit  stm32f10x_tim.o
    0x08005688   0x08005688   0x000000a4   Code   RO         3462    i.USART1_Config     usart.o
    0x0800572c   0x0800572c   0x000000c0   Code   RO         3463    i.USART1_IRQHandler  usart.o
    0x080057ec   0x080057ec   0x0000001e   Code   RO         3155    i.USART_ClearITPendingBit  stm32f10x_usart.o
    0x0800580a   0x0800580a   0x00000018   Code   RO         3158    i.USART_Cmd         stm32f10x_usart.o
    0x08005822   0x08005822   0x0000001a   Code   RO         3161    i.USART_GetFlagStatus  stm32f10x_usart.o
    0x0800583c   0x0800583c   0x00000054   Code   RO         3162    i.USART_GetITStatus  stm32f10x_usart.o
    0x08005890   0x08005890   0x0000004a   Code   RO         3164    i.USART_ITConfig    stm32f10x_usart.o
    0x080058da   0x080058da   0x00000002   PAD
    0x080058dc   0x080058dc   0x000000d8   Code   RO         3165    i.USART_Init        stm32f10x_usart.o
    0x080059b4   0x080059b4   0x0000000a   Code   RO         3172    i.USART_ReceiveData  stm32f10x_usart.o
    0x080059be   0x080059be   0x00000008   Code   RO         3175    i.USART_SendData    stm32f10x_usart.o
    0x080059c6   0x080059c6   0x00000002   Code   RO         4929    i.USB_Cable_Config  usb_config.o
    0x080059c8   0x080059c8   0x00000020   Code   RO         3603    i.USB_HID_Init      usb_hid.o
    0x080059e8   0x080059e8   0x0000003c   Code   RO         4494    i.USB_Init          usb_init.o
    0x08005a24   0x08005a24   0x00000022   Code   RO         4932    i.USB_Interrupts_Config  usb_config.o
    0x08005a46   0x08005a46   0x00000002   PAD
    0x08005a48   0x08005a48   0x000000f8   Code   RO         5031    i.USB_Istr          usb_istr.o
    0x08005b40   0x08005b40   0x00000008   Code   RO          117    i.USB_LP_CAN1_RX0_IRQHandler  stm32f10x_it.o
    0x08005b48   0x08005b48   0x00000004   Code   RO          118    i.UsageFault_Handler  stm32f10x_it.o
    0x08005b4c   0x08005b4c   0x0000002c   Code   RO         3604    i.Usb_Hid_Adddata   usb_hid.o
    0x08005b78   0x08005b78   0x000001d0   Code   RO         3606    i.Usb_Hid_Send      usb_hid.o
    0x08005d48   0x08005d48   0x00000038   Code   RO         4548    i.UserToPMABufferCopy  usb_mem.o
    0x08005d80   0x08005d80   0x00000010   Code   RO         5251    i.__0printf$bare    mc_w.l(printfb.o)
    0x08005d90   0x08005d90   0x00000028   Code   RO         5550    i.__ARM_fpclassify  m_ws.l(fpclassify.o)
    0x08005db8   0x08005db8   0x00000026   Code   RO         5552    i.__ARM_fpclassifyf  m_ws.l(fpclassifyf.o)
    0x08005dde   0x08005dde   0x000000aa   Code   RO         5568    i.__kernel_poly     m_ws.l(poly.o)
    0x08005e88   0x08005e88   0x00000006   Code   RO         5537    i.__mathlib_dbl_infnan  m_ws.l(dunder.o)
    0x08005e8e   0x08005e8e   0x0000000c   Code   RO         5539    i.__mathlib_dbl_invalid  m_ws.l(dunder.o)
    0x08005e9a   0x08005e9a   0x00000002   PAD
    0x08005e9c   0x08005e9c   0x00000010   Code   RO         5542    i.__mathlib_dbl_underflow  m_ws.l(dunder.o)
    0x08005eac   0x08005eac   0x00000006   Code   RO         5555    i.__mathlib_flt_infnan  m_ws.l(funder.o)
    0x08005eb2   0x08005eb2   0x00000004   Code   RO         5556    i.__mathlib_flt_infnan2  m_ws.l(funder.o)
    0x08005eb6   0x08005eb6   0x00000008   Code   RO         5557    i.__mathlib_flt_invalid  m_ws.l(funder.o)
    0x08005ebe   0x08005ebe   0x0000000a   Code   RO         5560    i.__mathlib_flt_underflow  m_ws.l(funder.o)
    0x08005ec8   0x08005ec8   0x00000168   Code   RO         5570    i.__mathlib_rredf2  m_ws.l(rredf.o)
    0x08006030   0x08006030   0x0000000e   Code   RO         5650    i.__scatterload_copy  mc_w.l(handlers.o)
    0x0800603e   0x0800603e   0x00000002   Code   RO         5651    i.__scatterload_null  mc_w.l(handlers.o)
    0x08006040   0x08006040   0x0000000e   Code   RO         5652    i.__scatterload_zeroinit  mc_w.l(handlers.o)
    0x0800604e   0x0800604e   0x00000002   PAD
    0x08006050   0x08006050   0x0000000c   Code   RO         5616    i.__set_errno       mc_w.l(errno.o)
    0x0800605c   0x0800605c   0x00000022   Code   RO         5258    i._printf_core      mc_w.l(printfb.o)
    0x0800607e   0x0800607e   0x00000002   PAD
    0x08006080   0x08006080   0x00000270   Code   RO         5208    i.asin              m_ws.l(asin.o)
    0x080062f0   0x080062f0   0x000002a4   Code   RO         5226    i.atan2f            m_ws.l(atan2f.o)
    0x08006594   0x08006594   0x00000060   Code   RO          300    i.cycleCounterInit  delay.o
    0x080065f4   0x080065f4   0x00000022   Code   RO          301    i.delay_ms          delay.o
    0x08006616   0x08006616   0x00000002   PAD
    0x08006618   0x08006618   0x000002e4   Code   RO         3915    i.flow_data_sins    flow.o
    0x080068fc   0x080068fc   0x000000b4   Code   RO         3916    i.flow_get_data     flow.o
    0x080069b0   0x080069b0   0x00000024   Code   RO         3466    i.fputc             usart.o
    0x080069d4   0x080069d4   0x00000058   Code   RO         4128    i.kalman_1          kalman.o
    0x08006a2c   0x08006a2c   0x00000078   Code   RO          187    i.main              main.o
    0x08006aa4   0x08006aa4   0x000000b0   Code   RO         3467    i.parseData         usart.o
    0x08006b54   0x08006b54   0x00000032   Code   RO         4322    i.pidRest           pid.o
    0x08006b86   0x08006b86   0x00000072   Code   RO         4323    i.pidUpdate         pid.o
    0x08006bf8   0x08006bf8   0x000000d8   Code   RO          369    i.pid_param_Init    init.o
    0x08006cd0   0x08006cd0   0x00000200   Code   RO         3999    i.remote_unlock     remote.o
    0x08006ed0   0x08006ed0   0x0000004c   Code   RO         5574    i.sqrt              m_ws.l(sqrt.o)
    0x08006f1c   0x08006f1c   0x00000174   Code   RO         5234    i.tanf              m_ws.l(tanf.o)
    0x08007090   0x08007090   0x0000000a   Data   RO         3729    .constdata          nrf24l01.o
    0x0800709a   0x0800709a   0x00000002   PAD
    0x0800709c   0x0800709c   0x00000018   Data   RO         4237    .constdata          mymath.o
    0x080070b4   0x080070b4   0x00000086   Data   RO         4994    .constdata          usb_desc.o
    0x0800713a   0x0800713a   0x00000006   PAD
    0x08007140   0x08007140   0x00000050   Data   RO         5209    .constdata          m_ws.l(asin.o)
    0x08007190   0x08007190   0x00000020   Data   RO         5571    .constdata          m_ws.l(rredf.o)
    0x080071b0   0x080071b0   0x00000020   Data   RO         5648    Region$$Table       anon$$obj.o


    Execution Region RW_IRAM1 (Exec base: 0x20000000, Load base: 0x080071d0, Size: 0x00000ba8, Max: 0x00005000, ABSOLUTE, COMPRESSED[0x0000010c])

    Exec Addr    Load Addr    Size         Type   Attr      Idx    E Section Name        Object

    0x20000000   COMPRESSED   0x00000014   Data   RW           21    .data               system_stm32f10x.o
    0x20000014   COMPRESSED   0x00000005   Data   RW          347    .data               scheduler.o
    0x20000019   COMPRESSED   0x00000003   PAD
    0x2000001c   COMPRESSED   0x0000000e   Data   RW          371    .data               init.o
    0x2000002a   COMPRESSED   0x00000014   Data   RW         2015    .data               stm32f10x_rcc.o
    0x2000003e   COMPRESSED   0x00000017   Data   RW         3469    .data               usart.o
    0x20000055   COMPRESSED   0x00000005   Data   RW         3608    .data               usb_hid.o
    0x2000005a   COMPRESSED   0x00000002   PAD
    0x2000005c   COMPRESSED   0x0000000e   Data   RW         3679    .data               flash.o
    0x2000006a   COMPRESSED   0x00000002   PAD
    0x2000006c   COMPRESSED   0x00000008   Data   RW         3702    .data               led.o
    0x20000074   COMPRESSED   0x0000004c   Data   RW         3799    .data               mpu6050.o
    0x200000c0   COMPRESSED   0x00000047   Data   RW         3918    .data               flow.o
    0x20000107   COMPRESSED   0x00000001   PAD
    0x20000108   COMPRESSED   0x00000004   Data   RW         3949    .data               ano_dt.o
    0x2000010c   COMPRESSED   0x00000013   Data   RW         4001    .data               remote.o
    0x2000011f   COMPRESSED   0x00000001   PAD
    0x20000120   COMPRESSED   0x00000054   Data   RW         4031    .data               control.o
    0x20000174   COMPRESSED   0x00000034   Data   RW         4199    .data               imu.o
    0x200001a8   COMPRESSED   0x00000003   Data   RW         4367    .data               usb_core.o
    0x200001ab   COMPRESSED   0x00000001   PAD
    0x200001ac   COMPRESSED   0x00000014   Data   RW         4496    .data               usb_init.o
    0x200001c0   COMPRESSED   0x00000004   Data   RW         4519    .data               usb_int.o
    0x200001c4   COMPRESSED   0x0000001a   Data   RW         4995    .data               usb_desc.o
    0x200001de   COMPRESSED   0x00000002   PAD
    0x200001e0   COMPRESSED   0x0000003c   Data   RW         5032    .data               usb_istr.o
    0x2000021c   COMPRESSED   0x0000009c   Data   RW         5068    .data               usb_prop.o
    0x200002b8   COMPRESSED   0x00000007   Data   RW         5170    .data               usb_pwr.o
    0x200002bf   COMPRESSED   0x00000001   PAD
    0x200002c0   COMPRESSED   0x00000004   Data   RW         5605    .data               mc_w.l(stdout.o)
    0x200002c4   COMPRESSED   0x00000004   Data   RW         5617    .data               mc_w.l(errno.o)
    0x200002c8        -       0x000002a0   Zero   RW          370    .bss                init.o
    0x20000568        -       0x00000018   Zero   RW         3468    .bss                usart.o
    0x20000580        -       0x00000140   Zero   RW         3607    .bss                usb_hid.o
    0x200006c0        -       0x00000018   Zero   RW         3798    .bss                mpu6050.o
    0x200006d8        -       0x00000010   Zero   RW         3917    .bss                flow.o
    0x200006e8        -       0x00000036   Zero   RW         3948    .bss                ano_dt.o
    0x2000071e        -       0x00000020   Zero   RW         4000    .bss                remote.o
    0x2000073e   COMPRESSED   0x00000002   PAD
    0x20000740        -       0x0000000c   Zero   RW         4198    .bss                imu.o
    0x2000074c        -       0x0000001c   Zero   RW         4495    .bss                usb_init.o
    0x20000768        -       0x00000040   Zero   RW         5009    .bss                usb_endp.o
    0x200007a8        -       0x00000400   Zero   RW          103    STACK               startup_stm32f10x_md.o


==============================================================================

Image component sizes


      Code (inc. data)   RO Data    RW Data    ZI Data      Debug   Object Name

      1400        114          0          4         54       3414   ano_dt.o
      2912        316          0         84          0       4564   control.o
         0          0          0          0          0       4540   core_cm3.o
       190         26          0          0          0       2000   delay.o
        48          8          0         14          0       1259   flash.o
       920        112          0         71         16       3066   flow.o
      1628         38          0          0          0       7801   iic_software.o
      1944         60          0         52         12       2333   imu.o
       264         94          0         14        672       3415   init.o
        88          0          0          0          0       1555   kalman.o
       284         20          0          8          0       2373   led.o
       120         12          0          0          0     220342   main.o
       132         22          0          0          0       1427   misc.o
       376         28          0         76         24       4828   mpu6050.o
        80          6         24          0          0        949   mymath.o
       574         46         10          0          0       6278   nrf24l01.o
       164          0          0          0          0       1418   pid.o
      2040        302          0         19         32       3044   remote.o
       276         56          0          5          0       1197   scheduler.o
       208         10          0          0          0       1086   spi.o
        36          8        236          0       1024        796   startup_stm32f10x_md.o
       282          0          0          0          0       2391   stm32f10x_gpio.o
        32          0          0          0          0       3905   stm32f10x_it.o
       288         38          0         20          0       4761   stm32f10x_rcc.o
       958         92          0          0          0       8849   stm32f10x_tim.o
       472          6          0          0          0       6519   stm32f10x_usart.o
       328         28          0         20          0      51901   system_stm32f10x.o
       524         26          0          0          0       1850   tim.o
       568         62          0         23         24       3367   usart.o
       170         24          0          0          0       3440   usb_config.o
      3010        288          0          3          0      16531   usb_core.o
         0          0        134         26          0       1032   usb_desc.o
        60         12          0          0         64       1517   usb_endp.o
       540         38          0          5        320       5414   usb_hid.o
        60         24          0         20         28       3954   usb_init.o
       808         34          0          4          0       1621   usb_int.o
       248         26          0         60          0       1288   usb_istr.o
        96         10          0          0          0       1656   usb_mem.o
       654        116          0        156          0      12261   usb_prop.o
       316         38          0          7          0       3378   usb_pwr.o
       636         96          0          0          0       8680   usb_regs.o

    ----------------------------------------------------------------------
     23764       2236        444        704       2272     422000   Object Totals
         0          0         32          0          0          0   (incl. Generated)
        30          0          8         13          2          0   (incl. Padding)

    ----------------------------------------------------------------------

      Code (inc. data)   RO Data    RW Data    ZI Data      Debug   Library Member Name

       624         52         80          0          0        168   asin.o
       676         78          0          0          0        116   atan2f.o
        34          6          0          0          0        204   dunder.o
        40          0          0          0          0         68   fpclassify.o
        38          0          0          0          0         68   fpclassifyf.o
        28          0          0          0          0        272   funder.o
       170          0          0          0          0         96   poly.o
       360         16         32          0          0         88   rredf.o
        76          0          0          0          0         84   sqrt.o
       372         58          0          0          0        124   tanf.o
        86          0          0          0          0          0   __dczerorl2.o
         0          0          0          0          0          0   entry.o
         0          0          0          0          0          0   entry10a.o
         0          0          0          0          0          0   entry11a.o
         4          0          0          0          0          0   entry12b.o
         8          4          0          0          0          0   entry2.o
         4          0          0          0          0          0   entry5.o
         0          0          0          0          0          0   entry7b.o
         0          0          0          0          0          0   entry8b.o
         8          4          0          0          0          0   entry9a.o
        12          6          0          4          0         68   errno.o
        30          0          0          0          0          0   handlers.o
        36          8          0          0          0         68   init.o
         0          0          0          0          0          0   iusefp.o
        30          0          0          0          0         68   llshl.o
        36          0          0          0          0         68   llsshr.o
        32          0          0          0          0         68   llushr.o
        36          0          0          0          0        108   memseta.o
        50          8          0          0          0        152   printfb.o
         0          0          0          4          0          0   stdout.o
        20          0          0          0          0         68   cfcmple.o
        20          0          0          0          0         68   cfrcmple.o
        56          0          0          0          0         88   d2f.o
       334          0          0          0          0        148   dadd.o
       222          0          0          0          0        100   ddiv.o
       186          0          0          0          0        176   depilogue.o
        34          0          0          0          0         76   dflti.o
       228          0          0          0          0         96   dmul.o
        46          0          0          0          0         80   dscalb.o
       162          0          0          0          0        100   dsqrt.o
        38          0          0          0          0         68   f2d.o
       176          0          0          0          0        140   fadd.o
       124          0          0          0          0         88   fdiv.o
       110          0          0          0          0        168   fepilogue.o
        50          0          0          0          0         68   ffixi.o
        18          0          0          0          0         68   fflti.o
        10          0          0          0          0         68   ffltui.o
       100          0          0          0          0         76   fmul.o
        60          0          0          0          0         76   frnd.o
        24          0          0          0          0         68   fscalb.o

    ----------------------------------------------------------------------
      4816        240        112          8          0       3776   Library Totals
         8          0          0          0          0          0   (incl. Padding)

    ----------------------------------------------------------------------

      Code (inc. data)   RO Data    RW Data    ZI Data      Debug   Library Name

      2418        210        112          0          0       1288   m_ws.l
       372         30          0          8          0        600   mc_w.l
      2018          0          0          0          0       1888   mf_w.l

    ----------------------------------------------------------------------
      4816        240        112          8          0       3776   Library Totals

    ----------------------------------------------------------------------

==============================================================================


      Code (inc. data)   RO Data    RW Data    ZI Data      Debug   

     28580       2476        556        712       2272     415296   Grand Totals
     28580       2476        556        268       2272     415296   ELF Image Totals (compressed)
     28580       2476        556        268          0          0   ROM Totals

==============================================================================

    Total RO  Size (Code + RO Data)                29136 (  28.45kB)
    Total RW  Size (RW Data + ZI Data)              2984 (   2.91kB)
    Total ROM Size (Code + RO Data + RW Data)      29404 (  28.71kB)

==============================================================================

